Archive member included to satisfy reference by file (symbol)

C:/ST/STM32CubeIDE_1.14.0/STM32CubeIDE/plugins/com.st.stm32cube.ide.mcu.externaltools.gnu-tools-for-stm32.11.3.rel1.win32_1.1.100.202309141235/tools/bin/../lib/gcc/arm-none-eabi/11.3.1/../../../../arm-none-eabi/lib/thumb/v7e-m+fp/hard\libc_nano.a(libc_a-assert.o)
                              ./Core/Src/main.o (__assert_func)
C:/ST/STM32CubeIDE_1.14.0/STM32CubeIDE/plugins/com.st.stm32cube.ide.mcu.externaltools.gnu-tools-for-stm32.11.3.rel1.win32_1.1.100.202309141235/tools/bin/../lib/gcc/arm-none-eabi/11.3.1/../../../../arm-none-eabi/lib/thumb/v7e-m+fp/hard\libc_nano.a(libc_a-exit.o)
                              C:/ST/STM32CubeIDE_1.14.0/STM32CubeIDE/plugins/com.st.stm32cube.ide.mcu.externaltools.gnu-tools-for-stm32.11.3.rel1.win32_1.1.100.202309141235/tools/bin/../lib/gcc/arm-none-eabi/11.3.1/../../../../arm-none-eabi/lib/thumb/v7e-m+fp/hard/crt0.o (exit)
C:/ST/STM32CubeIDE_1.14.0/STM32CubeIDE/plugins/com.st.stm32cube.ide.mcu.externaltools.gnu-tools-for-stm32.11.3.rel1.win32_1.1.100.202309141235/tools/bin/../lib/gcc/arm-none-eabi/11.3.1/../../../../arm-none-eabi/lib/thumb/v7e-m+fp/hard\libc_nano.a(libc_a-rand.o)
                              ./Core/Src/main.o (srand)
C:/ST/STM32CubeIDE_1.14.0/STM32CubeIDE/plugins/com.st.stm32cube.ide.mcu.externaltools.gnu-tools-for-stm32.11.3.rel1.win32_1.1.100.202309141235/tools/bin/../lib/gcc/arm-none-eabi/11.3.1/../../../../arm-none-eabi/lib/thumb/v7e-m+fp/hard\libc_nano.a(libc_a-findfp.o)
                              C:/ST/STM32CubeIDE_1.14.0/STM32CubeIDE/plugins/com.st.stm32cube.ide.mcu.externaltools.gnu-tools-for-stm32.11.3.rel1.win32_1.1.100.202309141235/tools/bin/../lib/gcc/arm-none-eabi/11.3.1/../../../../arm-none-eabi/lib/thumb/v7e-m+fp/hard\libc_nano.a(libc_a-exit.o) (__stdio_exit_handler)
C:/ST/STM32CubeIDE_1.14.0/STM32CubeIDE/plugins/com.st.stm32cube.ide.mcu.externaltools.gnu-tools-for-stm32.11.3.rel1.win32_1.1.100.202309141235/tools/bin/../lib/gcc/arm-none-eabi/11.3.1/../../../../arm-none-eabi/lib/thumb/v7e-m+fp/hard\libc_nano.a(libc_a-fprintf.o)
                              C:/ST/STM32CubeIDE_1.14.0/STM32CubeIDE/plugins/com.st.stm32cube.ide.mcu.externaltools.gnu-tools-for-stm32.11.3.rel1.win32_1.1.100.202309141235/tools/bin/../lib/gcc/arm-none-eabi/11.3.1/../../../../arm-none-eabi/lib/thumb/v7e-m+fp/hard\libc_nano.a(libc_a-assert.o) (fiprintf)
C:/ST/STM32CubeIDE_1.14.0/STM32CubeIDE/plugins/com.st.stm32cube.ide.mcu.externaltools.gnu-tools-for-stm32.11.3.rel1.win32_1.1.100.202309141235/tools/bin/../lib/gcc/arm-none-eabi/11.3.1/../../../../arm-none-eabi/lib/thumb/v7e-m+fp/hard\libc_nano.a(libc_a-fwalk.o)
                              C:/ST/STM32CubeIDE_1.14.0/STM32CubeIDE/plugins/com.st.stm32cube.ide.mcu.externaltools.gnu-tools-for-stm32.11.3.rel1.win32_1.1.100.202309141235/tools/bin/../lib/gcc/arm-none-eabi/11.3.1/../../../../arm-none-eabi/lib/thumb/v7e-m+fp/hard\libc_nano.a(libc_a-findfp.o) (_fwalk_sglue)
C:/ST/STM32CubeIDE_1.14.0/STM32CubeIDE/plugins/com.st.stm32cube.ide.mcu.externaltools.gnu-tools-for-stm32.11.3.rel1.win32_1.1.100.202309141235/tools/bin/../lib/gcc/arm-none-eabi/11.3.1/../../../../arm-none-eabi/lib/thumb/v7e-m+fp/hard\libc_nano.a(libc_a-stdio.o)
                              C:/ST/STM32CubeIDE_1.14.0/STM32CubeIDE/plugins/com.st.stm32cube.ide.mcu.externaltools.gnu-tools-for-stm32.11.3.rel1.win32_1.1.100.202309141235/tools/bin/../lib/gcc/arm-none-eabi/11.3.1/../../../../arm-none-eabi/lib/thumb/v7e-m+fp/hard\libc_nano.a(libc_a-findfp.o) (__sread)
C:/ST/STM32CubeIDE_1.14.0/STM32CubeIDE/plugins/com.st.stm32cube.ide.mcu.externaltools.gnu-tools-for-stm32.11.3.rel1.win32_1.1.100.202309141235/tools/bin/../lib/gcc/arm-none-eabi/11.3.1/../../../../arm-none-eabi/lib/thumb/v7e-m+fp/hard\libc_nano.a(libc_a-memset.o)
                              C:/ST/STM32CubeIDE_1.14.0/STM32CubeIDE/plugins/com.st.stm32cube.ide.mcu.externaltools.gnu-tools-for-stm32.11.3.rel1.win32_1.1.100.202309141235/tools/bin/../lib/gcc/arm-none-eabi/11.3.1/../../../../arm-none-eabi/lib/thumb/v7e-m+fp/hard/crt0.o (memset)
C:/ST/STM32CubeIDE_1.14.0/STM32CubeIDE/plugins/com.st.stm32cube.ide.mcu.externaltools.gnu-tools-for-stm32.11.3.rel1.win32_1.1.100.202309141235/tools/bin/../lib/gcc/arm-none-eabi/11.3.1/../../../../arm-none-eabi/lib/thumb/v7e-m+fp/hard\libc_nano.a(libc_a-closer.o)
                              C:/ST/STM32CubeIDE_1.14.0/STM32CubeIDE/plugins/com.st.stm32cube.ide.mcu.externaltools.gnu-tools-for-stm32.11.3.rel1.win32_1.1.100.202309141235/tools/bin/../lib/gcc/arm-none-eabi/11.3.1/../../../../arm-none-eabi/lib/thumb/v7e-m+fp/hard\libc_nano.a(libc_a-stdio.o) (_close_r)
C:/ST/STM32CubeIDE_1.14.0/STM32CubeIDE/plugins/com.st.stm32cube.ide.mcu.externaltools.gnu-tools-for-stm32.11.3.rel1.win32_1.1.100.202309141235/tools/bin/../lib/gcc/arm-none-eabi/11.3.1/../../../../arm-none-eabi/lib/thumb/v7e-m+fp/hard\libc_nano.a(libc_a-reent.o)
[...]
Memory Configuration

Name             Origin             Length             Attributes
CCMRAM           0x0000000010000000 0x0000000000010000 xrw
RAM              0x0000000020000000 0x0000000000030000 xrw
FLASH            0x0000000008000000 0x0000000000200000 xr
*default*        0x0000000000000000 0xffffffffffffffff

Linker script and memory map

LOAD C:/ST/STM32CubeIDE_1.14.0/STM32CubeIDE/plugins/com.st.stm32cube.ide.mcu.externaltools.gnu-tools-for-stm32.11.3.rel1.win32_1.1.100.202309141235/tools/bin/../lib/gcc/arm-none-eabi/11.3.1/thumb/v7e-m+fp/hard/crti.o
LOAD C:/ST/STM32CubeIDE_1.14.0/STM32CubeIDE/plugins/com.st.stm32cube.ide.mcu.externaltools.gnu-tools-for-stm32.11.3.rel1.win32_1.1.100.202309141235/tools/bin/../lib/gcc/arm-none-eabi/11.3.1/thumb/v7e-m+fp/hard/crtbegin.o
LOAD C:/ST/STM32CubeIDE_1.14.0/STM32CubeIDE/plugins/com.st.stm32cube.ide.mcu.externaltools.gnu-tools-for-stm32.11.3.rel1.win32_1.1.100.202309141235/tools/bin/../lib/gcc/arm-none-eabi/11.3.1/../../../../arm-none-eabi/lib/thumb/v7e-m+fp/hard/crt0.o
LOAD ./Core/Src/main.o
LOAD ./Core/Src/stm32f4xx_hal_msp.o
LOAD ./Core/Src/stm32f4xx_it.o
LOAD ./Core/Src/syscalls.o
LOAD ./Core/Src/sysmem.o
LOAD ./Core/Src/system_stm32f4xx.o
LOAD ./Core/Startup/startup_stm32f429zitx.o
LOAD ./Drivers/BSP/Components/cs43l22/cs43l22.o
LOAD ./Drivers/BSP/Components/exc7200/exc7200.o
LOAD ./Drivers/BSP/Components/ft6x06/ft6x06.o
LOAD ./Drivers/BSP/Components/ili9325/ili9325.o
LOAD ./Drivers/BSP/Components/ili9341/ili9341.o
LOAD ./Drivers/BSP/Components/l3gd20/l3gd20.o
LOAD ./Drivers/BSP/Components/lis302dl/lis302dl.o
LOAD ./Drivers/BSP/Components/lis3dsh/lis3dsh.o
LOAD ./Drivers/BSP/Components/ls016b8uy/ls016b8uy.o
LOAD ./Drivers/BSP/Components/lsm303dlhc/lsm303dlhc.o
LOAD ./Drivers/BSP/Components/mfxstm32l152/mfxstm32l152.o
LOAD ./Drivers/BSP/Components/otm8009a/otm8009a.o
LOAD ./Drivers/BSP/Components/ov2640/ov2640.o
LOAD ./Drivers/BSP/Components/s5k5cag/s5k5cag.o
LOAD ./Drivers/BSP/Components/st7735/st7735.o
LOAD ./Drivers/BSP/Components/st7789h2/st7789h2.o
LOAD ./Drivers/BSP/Components/stmpe1600/stmpe1600.o
LOAD ./Drivers/BSP/Components/stmpe811/stmpe811.o
LOAD ./Drivers/BSP/Components/ts3510/ts3510.o
LOAD ./Drivers/BSP/Components/wm8994/wm8994.o
LOAD ./Drivers/BSP/STM32F429I-Discovery/stm32f429i_discovery.o
LOAD ./Drivers/BSP/STM32F429I-Discovery/stm32f429i_discovery_eeprom.o
LOAD ./Drivers/BSP/STM32F429I-Discovery/stm32f429i_discovery_gyroscope.o
LOAD ./Drivers/BSP/STM32F429I-Discovery/stm32f429i_discovery_io.o
LOAD ./Drivers/BSP/STM32F429I-Discovery/stm32f429i_discovery_lcd.o
LOAD ./Drivers/BSP/STM32F429I-Discovery/stm32f429i_discovery_sdram.o
LOAD ./Drivers/BSP/STM32F429I-Discovery/stm32f429i_discovery_ts.o
LOAD ./Drivers/STM32F4xx_HAL_Driver/Src/stm32f4xx_hal.o
LOAD ./Drivers/STM32F4xx_HAL_Driver/Src/stm32f4xx_hal_adc.o
LOAD ./Drivers/STM32F4xx_HAL_Driver/Src/stm32f4xx_hal_adc_ex.o
LOAD ./Drivers/STM32F4xx_HAL_Driver/Src/stm32f4xx_hal_cortex.o
LOAD ./Drivers/STM32F4xx_HAL_Driver/Src/stm32f4xx_hal_dma.o
LOAD ./Drivers/STM32F4xx_HAL_Driver/Src/stm32f4xx_hal_dma2d.o
LOAD ./Drivers/STM32F4xx_HAL_Driver/Src/stm32f4xx_hal_dma_ex.o
LOAD ./Drivers/STM32F4xx_HAL_Driver/Src/stm32f4xx_hal_dsi.o
LOAD ./Drivers/STM32F4xx_HAL_Driver/Src/stm32f4xx_hal_exti.o
LOAD ./Drivers/STM32F4xx_HAL_Driver/Src/stm32f4xx_hal_flash.o
LOAD ./Drivers/STM32F4xx_HAL_Driver/Src/stm32f4xx_hal_flash_ex.o
LOAD ./Drivers/STM32F4xx_HAL_Driver/Src/stm32f4xx_hal_flash_ramfunc.o
LOAD ./Drivers/STM32F4xx_HAL_Driver/Src/stm32f4xx_hal_gpio.o
LOAD ./Drivers/STM32F4xx_HAL_Driver/Src/stm32f4xx_hal_i2c.o
LOAD ./Drivers/STM32F4xx_HAL_Driver/Src/stm32f4xx_hal_i2c_ex.o
LOAD ./Drivers/STM32F4xx_HAL_Driver/Src/stm32f4xx_hal_ltdc.o
LOAD ./Drivers/STM32F4xx_HAL_Driver/Src/stm32f4xx_hal_ltdc_ex.o
LOAD ./Drivers/STM32F4xx_HAL_Driver/Src/stm32f4xx_hal_pwr.o
LOAD ./Drivers/STM32F4xx_HAL_Driver/Src/stm32f4xx_hal_pwr_ex.o
LOAD ./Drivers/STM32F4xx_HAL_Driver/Src/stm32f4xx_hal_rcc.o
LOAD ./Drivers/STM32F4xx_HAL_Driver/Src/stm32f4xx_hal_rcc_ex.o
LOAD ./Drivers/STM32F4xx_HAL_Driver/Src/stm32f4xx_hal_rng.o
LOAD ./Drivers/STM32F4xx_HAL_Driver/Src/stm32f4xx_hal_rtc.o
LOAD ./Drivers/STM32F4xx_HAL_Driver/Src/stm32f4xx_hal_rtc_ex.o
LOAD ./Drivers/STM32F4xx_HAL_Driver/Src/stm32f4xx_hal_sdram.o
LOAD ./Drivers/STM32F4xx_HAL_Driver/Src/stm32f4xx_hal_spi.o
LOAD ./Drivers/STM32F4xx_HAL_Driver/Src/stm32f4xx_hal_tim.o
LOAD ./Drivers/STM32F4xx_HAL_Driver/Src/stm32f4xx_hal_tim_ex.o
LOAD ./Drivers/STM32F4xx_HAL_Driver/Src/stm32f4xx_ll_adc.o
LOAD ./Drivers/STM32F4xx_HAL_Driver/Src/stm32f4xx_ll_fmc.o
START GROUP
LOAD C:/ST/STM32CubeIDE_1.14.0/STM32CubeIDE/plugins/com.st.stm32cube.ide.mcu.externaltools.gnu-tools-for-stm32.11.3.rel1.win32_1.1.100.202309141235/tools/bin/../lib/gcc/arm-none-eabi/11.3.1/../../../../arm-none-eabi/lib/thumb/v7e-m+fp/hard\libstdc++_nano.a
LOAD C:/ST/STM32CubeIDE_1.14.0/STM32CubeIDE/plugins/com.st.stm32cube.ide.mcu.externaltools.gnu-tools-for-stm32.11.3.rel1.win32_1.1.100.202309141235/tools/bin/../lib/gcc/arm-none-eabi/11.3.1/../../../../arm-none-eabi/lib/thumb/v7e-m+fp/hard\libsupc++_nano.a
END GROUP
LOAD C:/ST/STM32CubeIDE_1.14.0/STM32CubeIDE/plugins/com.st.stm32cube.ide.mcu.externaltools.gnu-tools-for-stm32.11.3.rel1.win32_1.1.100.202309141235/tools/bin/../lib/gcc/arm-none-eabi/11.3.1/../../../../arm-none-eabi/lib/thumb/v7e-m+fp/hard\libstdc++_nano.a
LOAD C:/ST/STM32CubeIDE_1.14.0/STM32CubeIDE/plugins/com.st.stm32cube.ide.mcu.externaltools.gnu-tools-for-stm32.11.3.rel1.win32_1.1.100.202309141235/tools/bin/../lib/gcc/arm-none-eabi/11.3.1/../../../../arm-none-eabi/lib/thumb/v7e-m+fp/hard\libm.a
LOAD C:/ST/STM32CubeIDE_1.14.0/STM32CubeIDE/plugins/com.st.stm32cube.ide.mcu.externaltools.gnu-tools-for-stm32.11.3.rel1.win32_1.1.100.202309141235/tools/bin/../lib/gcc/arm-none-eabi/11.3.1/../../../../arm-none-eabi/lib/thumb/v7e-m+fp/hard\libc_nano.a
START GROUP
LOAD C:/ST/STM32CubeIDE_1.14.0/STM32CubeIDE/plugins/com.st.stm32cube.ide.mcu.externaltools.gnu-tools-for-stm32.11.3.rel1.win32_1.1.100.202309141235/tools/bin/../lib/gcc/arm-none-eabi/11.3.1/thumb/v7e-m+fp/hard\libgcc.a
LOAD C:/ST/STM32CubeIDE_1.14.0/STM32CubeIDE/plugins/com.st.stm32cube.ide.mcu.externaltools.gnu-tools-for-stm32.11.3.rel1.win32_1.1.100.202309141235/tools/bin/../lib/gcc/arm-none-eabi/11.3.1/../../../../arm-none-eabi/lib/thumb/v7e-m+fp/hard\libc_nano.a
END GROUP
START GROUP
LOAD C:/ST/STM32CubeIDE_1.14.0/STM32CubeIDE/plugins/com.st.stm32cube.ide.mcu.externaltools.gnu-tools-for-stm32.11.3.rel1.win32_1.1.100.202309141235/tools/bin/../lib/gcc/arm-none-eabi/11.3.1/thumb/v7e-m+fp/hard\libgcc.a
LOAD C:/ST/STM32CubeIDE_1.14.0/STM32CubeIDE/plugins/com.st.stm32cube.ide.mcu.externaltools.gnu-tools-for-stm32.11.3.rel1.win32_1.1.100.202309141235/tools/bin/../lib/gcc/arm-none-eabi/11.3.1/../../../../arm-none-eabi/lib/thumb/v7e-m+fp/hard\libc_nano.a
LOAD C:/ST/STM32CubeIDE_1.14.0/STM32CubeIDE/plugins/com.st.stm32cube.ide.mcu.externaltools.gnu-tools-for-stm32.11.3.rel1.win32_1.1.100.202309141235/tools/bin/../lib/gcc/arm-none-eabi/11.3.1/../../../../arm-none-eabi/lib/thumb/v7e-m+fp/hard\libnosys.a
END GROUP
START GROUP
LOAD C:/ST/STM32CubeIDE_1.14.0/STM32CubeIDE/plugins/com.st.stm32cube.ide.mcu.externaltools.gnu-tools-for-stm32.11.3.rel1.win32_1.1.100.202309141235/tools/bin/../lib/gcc/arm-none-eabi/11.3.1/thumb/v7e-m+fp/hard\libgcc.a
LOAD C:/ST/STM32CubeIDE_1.14.0/STM32CubeIDE/plugins/com.st.stm32cube.ide.mcu.externaltools.gnu-tools-for-stm32.11.3.rel1.win32_1.1.100.202309141235/tools/bin/../lib/gcc/arm-none-eabi/11.3.1/../../../../arm-none-eabi/lib/thumb/v7e-m+fp/hard\libc_nano.a
LOAD C:/ST/STM32CubeIDE_1.14.0/STM32CubeIDE/plugins/com.st.stm32cube.ide.mcu.externaltools.gnu-tools-for-stm32.11.3.rel1.win32_1.1.100.202309141235/tools/bin/../lib/gcc/arm-none-eabi/11.3.1/../../../../arm-none-eabi/lib/thumb/v7e-m+fp/hard\libnosys.a
END GROUP
LOAD C:/ST/STM32CubeIDE_1.14.0/STM32CubeIDE/plugins/com.st.stm32cube.ide.mcu.externaltools.gnu-tools-for-stm32.11.3.rel1.win32_1.1.100.202309141235/tools/bin/../lib/gcc/arm-none-eabi/11.3.1/thumb/v7e-m+fp/hard/crtend.o
LOAD C:/ST/STM32CubeIDE_1.14.0/STM32CubeIDE/plugins/com.st.stm32cube.ide.mcu.externaltools.gnu-tools-for-stm32.11.3.rel1.win32_1.1.100.202309141235/tools/bin/../lib/gcc/arm-none-eabi/11.3.1/thumb/v7e-m+fp/hard/crtn.o
                0x0000000020030000                _estack = (ORIGIN (RAM) + LENGTH (RAM))
                0x0000000000000200                _Min_Heap_Size = 0x200
                0x0000000000000400                _Min_Stack_Size = 0x400

.isr_vector     0x0000000008000000      0x1ac
                0x0000000008000000                . = ALIGN (0x4)
 *(.isr_vector)
 .isr_vector    0x0000000008000000      0x1ac ./Core/Startup/startup_stm32f429zitx.o
                0x0000000008000000                g_pfnVectors
                0x00000000080001ac                . = ALIGN (0x4)

.text           0x00000000080001b0     0xa330
                0x00000000080001b0                . = ALIGN (0x4)
 *(.text)
 .text          0x00000000080001b0       0x40 C:/ST/STM32CubeIDE_1.14.0/STM32CubeIDE/plugins/com.st.stm32cube.ide.mcu.externaltools.gnu-tools-for-stm32.11.3.rel1.win32_1.1.100.202309141235/tools/bin/../lib/gcc/arm-none-eabi/11.3.1/thumb/v7e-m+fp/hard/crtbegin.o
 .text          0x00000000080001f0       0x10 C:/ST/STM32CubeIDE_1.14.0/STM32CubeIDE/plugins/com.st.stm32cube.ide.mcu.externaltools.gnu-tools-for-stm32.11.3.rel1.win32_1.1.100.202309141235/tools/bin/../lib/gcc/arm-none-eabi/11.3.1/../../../../arm-none-eabi/lib/thumb/v7e-m+fp/hard\libc_nano.a(libc_a-strlen.o)
                0x00000000080001f0                strlen
 .text          0x0000000008000200       0xa0 C:/ST/STM32CubeIDE_1.14.0/STM32CubeIDE/plugins/com.st.stm32cube.ide.mcu.externaltools.gnu-tools-for-stm32.11.3.rel1.win32_1.1.100.202309141235/tools/bin/../lib/gcc/arm-none-eabi/11.3.1/../../../../arm-none-eabi/lib/thumb/v7e-m+fp/hard\libc_nano.a(libc_a-memchr.o)
                0x0000000008000200                memchr
 .text          0x00000000080002a0       0x30 C:/ST/STM32CubeIDE_1.14.0/STM32CubeIDE/plugins/com.st.stm32cube.ide.mcu.externaltools.gnu-tools-for-stm32.11.3.rel1.win32_1.1.100.202309141235/tools/bin/../lib/gcc/arm-none-eabi/11.3.1/thumb/v7e-m+fp/hard\libgcc.a(_aeabi_uldivmod.o)
                0x00000000080002a0                __aeabi_uldivmod
 .text          0x00000000080002d0      0x2c8 C:/ST/STM32CubeIDE_1.14.0/STM32CubeIDE/plugins/com.st.stm32cube.ide.mcu.externaltools.gnu-tools-for-stm32.11.3.rel1.win32_1.1.100.202309141235/tools/bin/../lib/gcc/arm-none-eabi/11.3.1/thumb/v7e-m+fp/hard\libgcc.a(_udivmoddi4.o)
                0x00000000080002d0                __udivmoddi4
 .text          0x0000000008000598        0x4 C:/ST/STM32CubeIDE_1.14.0/STM32CubeIDE/plugins/com.st.stm32cube.ide.mcu.externaltools.gnu-tools-for-stm32.11.3.rel1.win32_1.1.100.202309141235/tools/bin/../lib/gcc/arm-none-eabi/11.3.1/thumb/v7e-m+fp/hard\libgcc.a(_dvmd_tls.o)
                0x0000000008000598                __aeabi_idiv0
                0x0000000008000598                __aeabi_ldiv0
 *(.text*)
 .text.rysujLiniePionowa
                0x000000000800059c       0x3c ./Core/Src/main.o
 .text.wypelnijProstokat
                0x00000000080005d8       0xc0 ./Core/Src/main.o
 .text.liczbaNaTekst
                0x0000000008000698       0x68 ./Core/Src/main.o
 .text.rysujLicznikFPS
                0x0000000008000700       0x6c ./Core/Src/main.o
                0x0000000008000700                rysujLicznikFPS
 .text.rysujLicznikPunktow
                0x000000000800076c       0x3c ./Core/Src/main.o
 .text.rysujPozycjeGalek
                0x00000000080007a8       0x60 ./Core/Src/main.o
                0x00000000080007a8                rysujPozycjeGalek
 .text.rysujNapisyGameOver
                0x0000000008000808       0x54 ./Core/Src/main.o
                0x0000000008000808                rysujNapisyGameOver
 .text.rysujOczko
                0x000000000800085c       0x46 ./Core/Src/main.o
 .text.czyscOczko
                0x00000000080008a2       0x26 ./Core/Src/main.o
 .text.rysujKlocek
                0x00000000080008c8       0xb4 ./Core/Src/main.o
 .text.czyscKlocek
                0x000000000800097c       0xa2 ./Core/Src/main.o
 *fill*         0x0000000008000a1e        0x2 
 .text.rysujPlansze
                0x0000000008000a20       0x7c ./Core/Src/main.o
 .text.losujNowyRuchomyKlocek
                0x0000000008000a9c      0x14c ./Core/Src/main.o
 .text.czyRuchomyKlocekKoliduje
                0x0000000008000be8      0x138 ./Core/Src/main.o
 .text.obrocKlocekWPrawo
                0x0000000008000d20      0x138 ./Core/Src/main.o
 .text.obrocKlocekWLewo
                0x0000000008000e58      0x138 ./Core/Src/main.o
 .text.odwrocObrot
                0x0000000008000f90       0xa0 ./Core/Src/main.o
 .text.aktualizujPlansze
                0x0000000008001030       0xfc ./Core/Src/main.o
 .text.aktualizujRuchomyKlocek
                0x000000000800112c      0x490 ./Core/Src/main.o
 .text.inicjujRNG
                0x00000000080015bc       0x24 ./Core/Src/main.o
 .text.losujLiczbeNieujemna
                0x00000000080015e0        0xe ./Core/Src/main.o
 .text.liczbaMilisekundOdStartuProgramu
                0x00000000080015ee        0xe ./Core/Src/main.o
 .text.czekaj   0x00000000080015fc       0x18 ./Core/Src/main.o
 .text.main     0x0000000008001614      0x3dc ./Core/Src/main.o
                0x0000000008001614                main
 .text.SystemClock_Config
                0x00000000080019f0       0xe4 ./Core/Src/main.o
                0x00000000080019f0                SystemClock_Config
 .text.MX_ADC1_Init
                0x0000000008001ad4       0xa8 ./Core/Src/main.o
 .text.MX_ADC2_Init
                0x0000000008001b7c       0xa8 ./Core/Src/main.o
 .text.MX_DMA2D_Init
                0x0000000008001c24       0x64 ./Core/Src/main.o
 .text.MX_I2C3_Init
                0x0000000008001c88       0x80 ./Core/Src/main.o
 .text.MX_LTDC_Init
                0x0000000008001d08      0x164 ./Core/Src/main.o
 .text.MX_RNG_Init
                0x0000000008001e6c       0x28 ./Core/Src/main.o
 .text.MX_RTC_Init
                0x0000000008001e94       0x4c ./Core/Src/main.o
 .text.MX_SPI5_Init
                0x0000000008001ee0       0x6c ./Core/Src/main.o
 .text.MX_TIM3_Init
                0x0000000008001f4c       0xf0 ./Core/Src/main.o
 .text.MX_FMC_Init
                0x000000000800203c       0x9c ./Core/Src/main.o
 .text.MX_GPIO_Init
                0x00000000080020d8      0x150 ./Core/Src/main.o
 .text.Error_Handler
                0x0000000008002228        0xa ./Core/Src/main.o
                0x0000000008002228                Error_Handler
 *fill*         0x0000000008002232        0x2 
 .text.HAL_MspInit
                0x0000000008002234       0x50 ./Core/Src/stm32f4xx_hal_msp.o
                0x0000000008002234                HAL_MspInit
 .text.HAL_ADC_MspInit
                0x0000000008002284       0xe8 ./Core/Src/stm32f4xx_hal_msp.o
                0x0000000008002284                HAL_ADC_MspInit
 .text.HAL_DMA2D_MspInit
                0x000000000800236c       0x44 ./Core/Src/stm32f4xx_hal_msp.o
                0x000000000800236c                HAL_DMA2D_MspInit
 .text.HAL_I2C_MspInit
                0x00000000080023b0       0xd4 ./Core/Src/stm32f4xx_hal_msp.o
                0x00000000080023b0                HAL_I2C_MspInit
 .text.HAL_LTDC_MspInit
                0x0000000008002484      0x250 ./Core/Src/stm32f4xx_hal_msp.o
                0x0000000008002484                HAL_LTDC_MspInit
 .text.HAL_RNG_MspInit
                0x00000000080026d4       0x44 ./Core/Src/stm32f4xx_hal_msp.o
                0x00000000080026d4                HAL_RNG_MspInit
 .text.HAL_RTC_MspInit
                0x0000000008002718       0x54 ./Core/Src/stm32f4xx_hal_msp.o
                0x0000000008002718                HAL_RTC_MspInit
 .text.HAL_SPI_MspInit
                0x000000000800276c       0x90 ./Core/Src/stm32f4xx_hal_msp.o
                0x000000000800276c                HAL_SPI_MspInit
 .text.HAL_SPI_MspDeInit
                0x00000000080027fc       0x3c ./Core/Src/stm32f4xx_hal_msp.o
                0x00000000080027fc                HAL_SPI_MspDeInit
 .text.HAL_TIM_Base_MspInit
                0x0000000008002838       0x50 ./Core/Src/stm32f4xx_hal_msp.o
                0x0000000008002838                HAL_TIM_Base_MspInit
 .text.HAL_TIM_MspPostInit
                0x0000000008002888       0x74 ./Core/Src/stm32f4xx_hal_msp.o
                0x0000000008002888                HAL_TIM_MspPostInit
 .text.HAL_FMC_MspInit
                0x00000000080028fc      0x124 ./Core/Src/stm32f4xx_hal_msp.o
 .text.HAL_SDRAM_MspInit
                0x0000000008002a20       0x14 ./Core/Src/stm32f4xx_hal_msp.o
                0x0000000008002a20                HAL_SDRAM_MspInit
 .text.NMI_Handler
                0x0000000008002a34        0x6 ./Core/Src/stm32f4xx_it.o
                0x0000000008002a34                NMI_Handler
 .text.HardFault_Handler
                0x0000000008002a3a        0x6 ./Core/Src/stm32f4xx_it.o
                0x0000000008002a3a                HardFault_Handler
 .text.MemManage_Handler
                0x0000000008002a40        0x6 ./Core/Src/stm32f4xx_it.o
                0x0000000008002a40                MemManage_Handler
 .text.BusFault_Handler
                0x0000000008002a46        0x6 ./Core/Src/stm32f4xx_it.o
                0x0000000008002a46                BusFault_Handler
 .text.UsageFault_Handler
                0x0000000008002a4c        0x6 ./Core/Src/stm32f4xx_it.o
                0x0000000008002a4c                UsageFault_Handler
 .text.SVC_Handler
                0x0000000008002a52        0xe ./Core/Src/stm32f4xx_it.o
                0x0000000008002a52                SVC_Handler
 .text.DebugMon_Handler
                0x0000000008002a60        0xe ./Core/Src/stm32f4xx_it.o
                0x0000000008002a60                DebugMon_Handler
 .text.PendSV_Handler
                0x0000000008002a6e        0xe ./Core/Src/stm32f4xx_it.o
                0x0000000008002a6e                PendSV_Handler
 .text.SysTick_Handler
                0x0000000008002a7c        0xc ./Core/Src/stm32f4xx_it.o
                0x0000000008002a7c                SysTick_Handler
 .text.TIM3_IRQHandler
                0x0000000008002a88       0xd4 ./Core/Src/stm32f4xx_it.o
                0x0000000008002a88                TIM3_IRQHandler
 .text._getpid  0x0000000008002b5c       0x10 ./Core/Src/syscalls.o
                0x0000000008002b5c                _getpid
 .text._kill    0x0000000008002b6c       0x20 ./Core/Src/syscalls.o
                0x0000000008002b6c                _kill
 .text._exit    0x0000000008002b8c       0x14 ./Core/Src/syscalls.o
                0x0000000008002b8c                _exit
 .text._read    0x0000000008002ba0       0x3a ./Core/Src/syscalls.o
                0x0000000008002ba0                _read
 .text._write   0x0000000008002bda       0x38 ./Core/Src/syscalls.o
                0x0000000008002bda                _write
 .text._close   0x0000000008002c12       0x18 ./Core/Src/syscalls.o
                0x0000000008002c12                _close
 .text._fstat   0x0000000008002c2a       0x20 ./Core/Src/syscalls.o
                0x0000000008002c2a                _fstat
 .text._isatty  0x0000000008002c4a       0x16 ./Core/Src/syscalls.o
                0x0000000008002c4a                _isatty
 .text._lseek   0x0000000008002c60       0x1a ./Core/Src/syscalls.o
                0x0000000008002c60                _lseek
 *fill*         0x0000000008002c7a        0x2 
 .text._sbrk    0x0000000008002c7c       0x6c ./Core/Src/sysmem.o
                0x0000000008002c7c                _sbrk
 .text.SystemInit
                0x0000000008002ce8       0x24 ./Core/Src/system_stm32f4xx.o
                0x0000000008002ce8                SystemInit
 .text.Reset_Handler
                0x0000000008002d0c       0x50 ./Core/Startup/startup_stm32f429zitx.o
                0x0000000008002d0c                Reset_Handler
 .text.Default_Handler
                0x0000000008002d5c        0x2 ./Core/Startup/startup_stm32f429zitx.o
                0x0000000008002d5c                RTC_Alarm_IRQHandler
                0x0000000008002d5c                HASH_RNG_IRQHandler
                0x0000000008002d5c                EXTI2_IRQHandler
                0x0000000008002d5c                TIM8_CC_IRQHandler
                0x0000000008002d5c                UART8_IRQHandler
                0x0000000008002d5c                SPI4_IRQHandler
                0x0000000008002d5c                TIM1_CC_IRQHandler
                0x0000000008002d5c                DMA2_Stream5_IRQHandler
                0x0000000008002d5c                DMA1_Stream5_IRQHandler
                0x0000000008002d5c                PVD_IRQHandler
                0x0000000008002d5c                SDIO_IRQHandler
                0x0000000008002d5c                TAMP_STAMP_IRQHandler
                0x0000000008002d5c                CAN2_RX1_IRQHandler
                0x0000000008002d5c                EXTI3_IRQHandler
                0x0000000008002d5c                TIM8_TRG_COM_TIM14_IRQHandler
                0x0000000008002d5c                TIM1_UP_TIM10_IRQHandler
                0x0000000008002d5c                TIM8_UP_TIM13_IRQHandler
                0x0000000008002d5c                I2C3_ER_IRQHandler
                0x0000000008002d5c                EXTI0_IRQHandler
                0x0000000008002d5c                I2C2_EV_IRQHandler
                0x0000000008002d5c                DMA1_Stream2_IRQHandler
                0x0000000008002d5c                CAN1_RX0_IRQHandler
                0x0000000008002d5c                FPU_IRQHandler
                0x0000000008002d5c                OTG_HS_WKUP_IRQHandler
                0x0000000008002d5c                LTDC_ER_IRQHandler
                0x0000000008002d5c                CAN2_SCE_IRQHandler
                0x0000000008002d5c                DMA2_Stream2_IRQHandler
                0x0000000008002d5c                SPI1_IRQHandler
                0x0000000008002d5c                TIM6_DAC_IRQHandler
                0x0000000008002d5c                TIM1_BRK_TIM9_IRQHandler
                0x0000000008002d5c                DCMI_IRQHandler
                0x0000000008002d5c                CAN2_RX0_IRQHandler
                0x0000000008002d5c                DMA2_Stream3_IRQHandler
                0x0000000008002d5c                USART6_IRQHandler
                0x0000000008002d5c                USART3_IRQHandler
                0x0000000008002d5c                CAN1_RX1_IRQHandler
                0x0000000008002d5c                UART5_IRQHandler
                0x0000000008002d5c                DMA2_Stream0_IRQHandler
                0x0000000008002d5c                TIM4_IRQHandler
                0x0000000008002d5c                I2C1_EV_IRQHandler
                0x0000000008002d5c                DMA1_Stream6_IRQHandler
                0x0000000008002d5c                DMA1_Stream1_IRQHandler
                0x0000000008002d5c                UART4_IRQHandler
                0x0000000008002d5c                RCC_IRQHandler
                0x0000000008002d5c                TIM8_BRK_TIM12_IRQHandler
                0x0000000008002d5c                Default_Handler
                0x0000000008002d5c                EXTI15_10_IRQHandler
                0x0000000008002d5c                ADC_IRQHandler
                0x0000000008002d5c                DMA1_Stream7_IRQHandler
                0x0000000008002d5c                SPI5_IRQHandler
                0x0000000008002d5c                TIM7_IRQHandler
                0x0000000008002d5c                CAN2_TX_IRQHandler
                0x0000000008002d5c                TIM5_IRQHandler
                0x0000000008002d5c                DMA2_Stream7_IRQHandler
                0x0000000008002d5c                I2C3_EV_IRQHandler
                0x0000000008002d5c                EXTI9_5_IRQHandler
                0x0000000008002d5c                RTC_WKUP_IRQHandler
                0x0000000008002d5c                LTDC_IRQHandler
                0x0000000008002d5c                ETH_WKUP_IRQHandler
                0x0000000008002d5c                SPI2_IRQHandler
                0x0000000008002d5c                OTG_HS_EP1_IN_IRQHandler
                0x0000000008002d5c                DMA1_Stream0_IRQHandler
                0x0000000008002d5c                CAN1_TX_IRQHandler
                0x0000000008002d5c                EXTI4_IRQHandler
                0x0000000008002d5c                ETH_IRQHandler
                0x0000000008002d5c                OTG_HS_EP1_OUT_IRQHandler
                0x0000000008002d5c                WWDG_IRQHandler
                0x0000000008002d5c                SPI6_IRQHandler
                0x0000000008002d5c                TIM2_IRQHandler
                0x0000000008002d5c                OTG_FS_WKUP_IRQHandler
                0x0000000008002d5c                TIM1_TRG_COM_TIM11_IRQHandler
                0x0000000008002d5c                OTG_HS_IRQHandler
                0x0000000008002d5c                DMA2D_IRQHandler
                0x0000000008002d5c                EXTI1_IRQHandler
                0x0000000008002d5c                UART7_IRQHandler
                0x0000000008002d5c                USART2_IRQHandler
                0x0000000008002d5c                I2C2_ER_IRQHandler
                0x0000000008002d5c                DMA2_Stream1_IRQHandler
                0x0000000008002d5c                CAN1_SCE_IRQHandler
                0x0000000008002d5c                FLASH_IRQHandler
                0x0000000008002d5c                DMA2_Stream4_IRQHandler
                0x0000000008002d5c                USART1_IRQHandler
                0x0000000008002d5c                OTG_FS_IRQHandler
                0x0000000008002d5c                SPI3_IRQHandler
                0x0000000008002d5c                DMA1_Stream4_IRQHandler
                0x0000000008002d5c                I2C1_ER_IRQHandler
                0x0000000008002d5c                FMC_IRQHandler
                0x0000000008002d5c                DMA2_Stream6_IRQHandler
                0x0000000008002d5c                SAI1_IRQHandler
                0x0000000008002d5c                DMA1_Stream3_IRQHandler
 .text.ili9341_Init
                0x0000000008002d5e      0x294 ./Drivers/BSP/Components/ili9341/ili9341.o
                0x0000000008002d5e                ili9341_Init
 .text.ili9341_ReadID
                0x0000000008002ff2       0x18 ./Drivers/BSP/Components/ili9341/ili9341.o
                0x0000000008002ff2                ili9341_ReadID
 .text.ili9341_DisplayOn
                0x000000000800300a        0xe ./Drivers/BSP/Components/ili9341/ili9341.o
                0x000000000800300a                ili9341_DisplayOn
 .text.ili9341_DisplayOff
                0x0000000008003018        0xe ./Drivers/BSP/Components/ili9341/ili9341.o
                0x0000000008003018                ili9341_DisplayOff
 .text.ili9341_WriteReg
                0x0000000008003026       0x1a ./Drivers/BSP/Components/ili9341/ili9341.o
                0x0000000008003026                ili9341_WriteReg
 .text.ili9341_WriteData
                0x0000000008003040       0x1a ./Drivers/BSP/Components/ili9341/ili9341.o
                0x0000000008003040                ili9341_WriteData
 .text.ili9341_ReadData
                0x000000000800305a       0x26 ./Drivers/BSP/Components/ili9341/ili9341.o
                0x000000000800305a                ili9341_ReadData
 .text.ili9341_GetLcdPixelWidth
                0x0000000008003080       0x10 ./Drivers/BSP/Components/ili9341/ili9341.o
                0x0000000008003080                ili9341_GetLcdPixelWidth
 .text.ili9341_GetLcdPixelHeight
                0x0000000008003090       0x12 ./Drivers/BSP/Components/ili9341/ili9341.o
                0x0000000008003090                ili9341_GetLcdPixelHeight
 *fill*         0x00000000080030a2        0x2 
 .text.SPIx_Init
                0x00000000080030a4       0x74 ./Drivers/BSP/STM32F429I-Discovery/stm32f429i_discovery.o
 .text.SPIx_Read
                0x0000000008003118       0x40 ./Drivers/BSP/STM32F429I-Discovery/stm32f429i_discovery.o
 .text.SPIx_Write
                0x0000000008003158       0x3c ./Drivers/BSP/STM32F429I-Discovery/stm32f429i_discovery.o
 .text.SPIx_Error
                0x0000000008003194       0x18 ./Drivers/BSP/STM32F429I-Discovery/stm32f429i_discovery.o
 .text.SPIx_MspInit
                0x00000000080031ac       0x74 ./Drivers/BSP/STM32F429I-Discovery/stm32f429i_discovery.o
 .text.LCD_IO_Init
                0x0000000008003220       0xf0 ./Drivers/BSP/STM32F429I-Discovery/stm32f429i_discovery.o
                0x0000000008003220                LCD_IO_Init
 .text.LCD_IO_WriteData
                0x0000000008003310       0x44 ./Drivers/BSP/STM32F429I-Discovery/stm32f429i_discovery.o
                0x0000000008003310                LCD_IO_WriteData
 .text.LCD_IO_WriteReg
                0x0000000008003354       0x44 ./Drivers/BSP/STM32F429I-Discovery/stm32f429i_discovery.o
                0x0000000008003354                LCD_IO_WriteReg
 .text.LCD_IO_ReadData
                0x0000000008003398       0x64 ./Drivers/BSP/STM32F429I-Discovery/stm32f429i_discovery.o
                0x0000000008003398                LCD_IO_ReadData
 .text.LCD_Delay
                0x00000000080033fc       0x16 ./Drivers/BSP/STM32F429I-Discovery/stm32f429i_discovery.o
                0x00000000080033fc                LCD_Delay
 *fill*         0x0000000008003412        0x2 
 .text.BSP_LCD_Init
                0x0000000008003414       0xd4 ./Drivers/BSP/STM32F429I-Discovery/stm32f429i_discovery_lcd.o
                0x0000000008003414                BSP_LCD_Init
 .text.BSP_LCD_GetXSize
                0x00000000080034e8       0x18 ./Drivers/BSP/STM32F429I-Discovery/stm32f429i_discovery_lcd.o
                0x00000000080034e8                BSP_LCD_GetXSize
 .text.BSP_LCD_GetYSize
                0x0000000008003500       0x18 ./Drivers/BSP/STM32F429I-Discovery/stm32f429i_discovery_lcd.o
                0x0000000008003500                BSP_LCD_GetYSize
 .text.BSP_LCD_LayerDefaultInit
                0x0000000008003518       0xc8 ./Drivers/BSP/STM32F429I-Discovery/stm32f429i_discovery_lcd.o
                0x0000000008003518                BSP_LCD_LayerDefaultInit
 .text.BSP_LCD_SetTextColor
                0x00000000080035e0       0x30 ./Drivers/BSP/STM32F429I-Discovery/stm32f429i_discovery_lcd.o
                0x00000000080035e0                BSP_LCD_SetTextColor
 .text.BSP_LCD_SetBackColor
                0x0000000008003610       0x34 ./Drivers/BSP/STM32F429I-Discovery/stm32f429i_discovery_lcd.o
                0x0000000008003610                BSP_LCD_SetBackColor
 .text.BSP_LCD_SetFont
                0x0000000008003644       0x34 ./Drivers/BSP/STM32F429I-Discovery/stm32f429i_discovery_lcd.o
                0x0000000008003644                BSP_LCD_SetFont
 .text.BSP_LCD_GetFont
                0x0000000008003678       0x2c ./Drivers/BSP/STM32F429I-Discovery/stm32f429i_discovery_lcd.o
                0x0000000008003678                BSP_LCD_GetFont
 .text.BSP_LCD_Clear
                0x00000000080036a4       0x50 ./Drivers/BSP/STM32F429I-Discovery/stm32f429i_discovery_lcd.o
                0x00000000080036a4                BSP_LCD_Clear
 .text.BSP_LCD_DisplayChar
                0x00000000080036f4       0x88 ./Drivers/BSP/STM32F429I-Discovery/stm32f429i_discovery_lcd.o
                0x00000000080036f4                BSP_LCD_DisplayChar
 .text.BSP_LCD_DisplayStringAt
                0x000000000800377c      0x17c ./Drivers/BSP/STM32F429I-Discovery/stm32f429i_discovery_lcd.o
                0x000000000800377c                BSP_LCD_DisplayStringAt
 .text.BSP_LCD_DisplayStringAtLine
                0x00000000080038f8       0x2e ./Drivers/BSP/STM32F429I-Discovery/stm32f429i_discovery_lcd.o
                0x00000000080038f8                BSP_LCD_DisplayStringAtLine
 *fill*         0x0000000008003926        0x2 
 .text.BSP_LCD_DrawVLine
                0x0000000008003928       0x84 ./Drivers/BSP/STM32F429I-Discovery/stm32f429i_discovery_lcd.o
                0x0000000008003928                BSP_LCD_DrawVLine
 .text.BSP_LCD_FillRect
                0x00000000080039ac       0xb4 ./Drivers/BSP/STM32F429I-Discovery/stm32f429i_discovery_lcd.o
                0x00000000080039ac                BSP_LCD_FillRect
 .text.BSP_LCD_MspInit
                0x0000000008003a60      0x1ac ./Drivers/BSP/STM32F429I-Discovery/stm32f429i_discovery_lcd.o
                0x0000000008003a60                BSP_LCD_MspInit
 .text.BSP_LCD_DrawPixel
                0x0000000008003c0c       0x4c ./Drivers/BSP/STM32F429I-Discovery/stm32f429i_discovery_lcd.o
                0x0000000008003c0c                BSP_LCD_DrawPixel
 .text.DrawChar
                0x0000000008003c58      0x174 ./Drivers/BSP/STM32F429I-Discovery/stm32f429i_discovery_lcd.o
 .text.FillBuffer
                0x0000000008003dcc       0x70 ./Drivers/BSP/STM32F429I-Discovery/stm32f429i_discovery_lcd.o
 .text.BSP_SDRAM_Init
                0x0000000008003e3c       0xbc ./Drivers/BSP/STM32F429I-Discovery/stm32f429i_discovery_sdram.o
                0x0000000008003e3c                BSP_SDRAM_Init
 .text.BSP_SDRAM_Initialization_sequence
                0x0000000008003ef8       0xc0 ./Drivers/BSP/STM32F429I-Discovery/stm32f429i_discovery_sdram.o
                0x0000000008003ef8                BSP_SDRAM_Initialization_sequence
 .text.BSP_SDRAM_MspInit
                0x0000000008003fb8      0x218 ./Drivers/BSP/STM32F429I-Discovery/stm32f429i_discovery_sdram.o
                0x0000000008003fb8                BSP_SDRAM_MspInit
 .text.HAL_Init
                0x00000000080041d0       0x44 ./Drivers/STM32F4xx_HAL_Driver/Src/stm32f4xx_hal.o
                0x00000000080041d0                HAL_Init
 .text.HAL_InitTick
                0x0000000008004214       0x60 ./Drivers/STM32F4xx_HAL_Driver/Src/stm32f4xx_hal.o
                0x0000000008004214                HAL_InitTick
 .text.HAL_IncTick
                0x0000000008004274       0x28 ./Drivers/STM32F4xx_HAL_Driver/Src/stm32f4xx_hal.o
                0x0000000008004274                HAL_IncTick
 .text.HAL_GetTick
                0x000000000800429c       0x18 ./Drivers/STM32F4xx_HAL_Driver/Src/stm32f4xx_hal.o
                0x000000000800429c                HAL_GetTick
 .text.HAL_Delay
                0x00000000080042b4       0x48 ./Drivers/STM32F4xx_HAL_Driver/Src/stm32f4xx_hal.o
                0x00000000080042b4                HAL_Delay
 .text.HAL_ADC_Init
                0x00000000080042fc       0x86 ./Drivers/STM32F4xx_HAL_Driver/Src/stm32f4xx_hal_adc.o
                0x00000000080042fc                HAL_ADC_Init
 *fill*         0x0000000008004382        0x2 
 .text.HAL_ADC_Start
                0x0000000008004384      0x1a4 ./Drivers/STM32F4xx_HAL_Driver/Src/stm32f4xx_hal_adc.o
                0x0000000008004384                HAL_ADC_Start
 .text.HAL_ADC_Stop
                0x0000000008004528       0x66 ./Drivers/STM32F4xx_HAL_Driver/Src/stm32f4xx_hal_adc.o
                0x0000000008004528                HAL_ADC_Stop
 .text.HAL_ADC_PollForConversion
                0x000000000800458e      0x116 ./Drivers/STM32F4xx_HAL_Driver/Src/stm32f4xx_hal_adc.o
                0x000000000800458e                HAL_ADC_PollForConversion
 .text.HAL_ADC_GetValue
                0x00000000080046a4       0x1a ./Drivers/STM32F4xx_HAL_Driver/Src/stm32f4xx_hal_adc.o
                0x00000000080046a4                HAL_ADC_GetValue
 *fill*         0x00000000080046be        0x2 
 .text.HAL_ADC_ConfigChannel
                0x00000000080046c0      0x264 ./Drivers/STM32F4xx_HAL_Driver/Src/stm32f4xx_hal_adc.o
                0x00000000080046c0                HAL_ADC_ConfigChannel
 .text.ADC_Init
                0x0000000008004924      0x1f8 ./Drivers/STM32F4xx_HAL_Driver/Src/stm32f4xx_hal_adc.o
 .text.__NVIC_SetPriorityGrouping
                0x0000000008004b1c       0x48 ./Drivers/STM32F4xx_HAL_Driver/Src/stm32f4xx_hal_cortex.o
 .text.__NVIC_GetPriorityGrouping
                0x0000000008004b64       0x1c ./Drivers/STM32F4xx_HAL_Driver/Src/stm32f4xx_hal_cortex.o
 .text.__NVIC_EnableIRQ
                0x0000000008004b80       0x3c ./Drivers/STM32F4xx_HAL_Driver/Src/stm32f4xx_hal_cortex.o
 .text.__NVIC_SetPriority
                0x0000000008004bbc       0x54 ./Drivers/STM32F4xx_HAL_Driver/Src/stm32f4xx_hal_cortex.o
 .text.NVIC_EncodePriority
                0x0000000008004c10       0x66 ./Drivers/STM32F4xx_HAL_Driver/Src/stm32f4xx_hal_cortex.o
 *fill*         0x0000000008004c76        0x2 
 .text.SysTick_Config
                0x0000000008004c78       0x44 ./Drivers/STM32F4xx_HAL_Driver/Src/stm32f4xx_hal_cortex.o
 .text.HAL_NVIC_SetPriorityGrouping
                0x0000000008004cbc       0x16 ./Drivers/STM32F4xx_HAL_Driver/Src/stm32f4xx_hal_cortex.o
                0x0000000008004cbc                HAL_NVIC_SetPriorityGrouping
 .text.HAL_NVIC_SetPriority
                0x0000000008004cd2       0x38 ./Drivers/STM32F4xx_HAL_Driver/Src/stm32f4xx_hal_cortex.o
                0x0000000008004cd2                HAL_NVIC_SetPriority
 .text.HAL_NVIC_EnableIRQ
                0x0000000008004d0a       0x1c ./Drivers/STM32F4xx_HAL_Driver/Src/stm32f4xx_hal_cortex.o
                0x0000000008004d0a                HAL_NVIC_EnableIRQ
 .text.HAL_SYSTICK_Config
                0x0000000008004d26       0x18 ./Drivers/STM32F4xx_HAL_Driver/Src/stm32f4xx_hal_cortex.o
                0x0000000008004d26                HAL_SYSTICK_Config
 *fill*         0x0000000008004d3e        0x2 
 .text.HAL_DMA_Init
                0x0000000008004d40      0x15c ./Drivers/STM32F4xx_HAL_Driver/Src/stm32f4xx_hal_dma.o
                0x0000000008004d40                HAL_DMA_Init
 .text.HAL_DMA_DeInit
                0x0000000008004e9c       0xbc ./Drivers/STM32F4xx_HAL_Driver/Src/stm32f4xx_hal_dma.o
                0x0000000008004e9c                HAL_DMA_DeInit
 .text.DMA_CalcBaseAndBitshift
                0x0000000008004f58       0x6c ./Drivers/STM32F4xx_HAL_Driver/Src/stm32f4xx_hal_dma.o
 .text.DMA_CheckFifoParam
                0x0000000008004fc4       0xf8 ./Drivers/STM32F4xx_HAL_Driver/Src/stm32f4xx_hal_dma.o
 .text.HAL_DMA2D_Init
                0x00000000080050bc       0x92 ./Drivers/STM32F4xx_HAL_Driver/Src/stm32f4xx_hal_dma2d.o
                0x00000000080050bc                HAL_DMA2D_Init
 .text.HAL_DMA2D_Start
                0x000000000800514e       0x56 ./Drivers/STM32F4xx_HAL_Driver/Src/stm32f4xx_hal_dma2d.o
                0x000000000800514e                HAL_DMA2D_Start
 .text.HAL_DMA2D_PollForTransfer
                0x00000000080051a4      0x1d2 ./Drivers/STM32F4xx_HAL_Driver/Src/stm32f4xx_hal_dma2d.o
                0x00000000080051a4                HAL_DMA2D_PollForTransfer
 *fill*         0x0000000008005376        0x2 
 .text.HAL_DMA2D_ConfigLayer
                0x0000000008005378      0x124 ./Drivers/STM32F4xx_HAL_Driver/Src/stm32f4xx_hal_dma2d.o
                0x0000000008005378                HAL_DMA2D_ConfigLayer
 .text.DMA2D_SetConfig
                0x000000000800549c      0x138 ./Drivers/STM32F4xx_HAL_Driver/Src/stm32f4xx_hal_dma2d.o
 .text.HAL_GPIO_Init
                0x00000000080055d4      0x358 ./Drivers/STM32F4xx_HAL_Driver/Src/stm32f4xx_hal_gpio.o
                0x00000000080055d4                HAL_GPIO_Init
 .text.HAL_GPIO_DeInit
                0x000000000800592c      0x218 ./Drivers/STM32F4xx_HAL_Driver/Src/stm32f4xx_hal_gpio.o
                0x000000000800592c                HAL_GPIO_DeInit
 .text.HAL_GPIO_ReadPin
                0x0000000008005b44       0x30 ./Drivers/STM32F4xx_HAL_Driver/Src/stm32f4xx_hal_gpio.o
                0x0000000008005b44                HAL_GPIO_ReadPin
 .text.HAL_GPIO_WritePin
                0x0000000008005b74       0x32 ./Drivers/STM32F4xx_HAL_Driver/Src/stm32f4xx_hal_gpio.o
                0x0000000008005b74                HAL_GPIO_WritePin
 *fill*         0x0000000008005ba6        0x2 
 .text.HAL_I2C_Init
                0x0000000008005ba8      0x288 ./Drivers/STM32F4xx_HAL_Driver/Src/stm32f4xx_hal_i2c.o
                0x0000000008005ba8                HAL_I2C_Init
 .text.HAL_I2CEx_ConfigAnalogFilter
                0x0000000008005e30       0x78 ./Drivers/STM32F4xx_HAL_Driver/Src/stm32f4xx_hal_i2c_ex.o
                0x0000000008005e30                HAL_I2CEx_ConfigAnalogFilter
 .text.HAL_I2CEx_ConfigDigitalFilter
                0x0000000008005ea8       0x7e ./Drivers/STM32F4xx_HAL_Driver/Src/stm32f4xx_hal_i2c_ex.o
                0x0000000008005ea8                HAL_I2CEx_ConfigDigitalFilter
 *fill*         0x0000000008005f26        0x2 
 .text.HAL_LTDC_Init
                0x0000000008005f28      0x1a0 ./Drivers/STM32F4xx_HAL_Driver/Src/stm32f4xx_hal_ltdc.o
                0x0000000008005f28                HAL_LTDC_Init
 .text.HAL_LTDC_ConfigLayer
                0x00000000080060c8       0x7c ./Drivers/STM32F4xx_HAL_Driver/Src/stm32f4xx_hal_ltdc.o
                0x00000000080060c8                HAL_LTDC_ConfigLayer
 .text.HAL_LTDC_EnableDither
                0x0000000008006144       0x54 ./Drivers/STM32F4xx_HAL_Driver/Src/stm32f4xx_hal_ltdc.o
                0x0000000008006144                HAL_LTDC_EnableDither
 .text.LTDC_SetConfig
                0x0000000008006198      0x32e ./Drivers/STM32F4xx_HAL_Driver/Src/stm32f4xx_hal_ltdc.o
 *fill*         0x00000000080064c6        0x2 
 .text.HAL_PWREx_EnableOverDrive
                0x00000000080064c8       0xa0 ./Drivers/STM32F4xx_HAL_Driver/Src/stm32f4xx_hal_pwr_ex.o
                0x00000000080064c8                HAL_PWREx_EnableOverDrive
 .text.HAL_RCC_OscConfig
                0x0000000008006568      0x4f0 ./Drivers/STM32F4xx_HAL_Driver/Src/stm32f4xx_hal_rcc.o
                0x0000000008006568                HAL_RCC_OscConfig
 .text.HAL_RCC_ClockConfig
                0x0000000008006a58      0x1cc ./Drivers/STM32F4xx_HAL_Driver/Src/stm32f4xx_hal_rcc.o
                0x0000000008006a58                HAL_RCC_ClockConfig
 .text.HAL_RCC_GetSysClockFreq
                0x0000000008006c24      0x20c ./Drivers/STM32F4xx_HAL_Driver/Src/stm32f4xx_hal_rcc.o
                0x0000000008006c24                HAL_RCC_GetSysClockFreq
 .text.HAL_RCC_GetHCLKFreq
                0x0000000008006e30       0x18 ./Drivers/STM32F4xx_HAL_Driver/Src/stm32f4xx_hal_rcc.o
                0x0000000008006e30                HAL_RCC_GetHCLKFreq
 .text.HAL_RCC_GetPCLK1Freq
                0x0000000008006e48       0x28 ./Drivers/STM32F4xx_HAL_Driver/Src/stm32f4xx_hal_rcc.o
                0x0000000008006e48                HAL_RCC_GetPCLK1Freq
 .text.HAL_RCCEx_PeriphCLKConfig
                0x0000000008006e70      0x380 ./Drivers/STM32F4xx_HAL_Driver/Src/stm32f4xx_hal_rcc_ex.o
                0x0000000008006e70                HAL_RCCEx_PeriphCLKConfig
 .text.HAL_RNG_Init
                0x00000000080071f0       0x54 ./Drivers/STM32F4xx_HAL_Driver/Src/stm32f4xx_hal_rng.o
                0x00000000080071f0                HAL_RNG_Init
 .text.HAL_RNG_GenerateRandomNumber
                0x0000000008007244       0xac ./Drivers/STM32F4xx_HAL_Driver/Src/stm32f4xx_hal_rng.o
                0x0000000008007244                HAL_RNG_GenerateRandomNumber
 .text.HAL_RTC_Init
                0x00000000080072f0       0xec ./Drivers/STM32F4xx_HAL_Driver/Src/stm32f4xx_hal_rtc.o
                0x00000000080072f0                HAL_RTC_Init
 .text.HAL_RTC_WaitForSynchro
                0x00000000080073dc       0x50 ./Drivers/STM32F4xx_HAL_Driver/Src/stm32f4xx_hal_rtc.o
                0x00000000080073dc                HAL_RTC_WaitForSynchro
 .text.RTC_EnterInitMode
                0x000000000800742c       0x6e ./Drivers/STM32F4xx_HAL_Driver/Src/stm32f4xx_hal_rtc.o
                0x000000000800742c                RTC_EnterInitMode
 .text.RTC_ExitInitMode
                0x000000000800749a       0x4a ./Drivers/STM32F4xx_HAL_Driver/Src/stm32f4xx_hal_rtc.o
                0x000000000800749a                RTC_ExitInitMode
 .text.HAL_SDRAM_Init
                0x00000000080074e4       0x68 ./Drivers/STM32F4xx_HAL_Driver/Src/stm32f4xx_hal_sdram.o
                0x00000000080074e4                HAL_SDRAM_Init
 .text.HAL_SDRAM_SendCommand
                0x000000000800754c       0x6a ./Drivers/STM32F4xx_HAL_Driver/Src/stm32f4xx_hal_sdram.o
                0x000000000800754c                HAL_SDRAM_SendCommand
 .text.HAL_SDRAM_ProgramRefreshRate
                0x00000000080075b6       0x50 ./Drivers/STM32F4xx_HAL_Driver/Src/stm32f4xx_hal_sdram.o
                0x00000000080075b6                HAL_SDRAM_ProgramRefreshRate
 .text.HAL_SPI_Init
                0x0000000008007606      0x112 ./Drivers/STM32F4xx_HAL_Driver/Src/stm32f4xx_hal_spi.o
                0x0000000008007606                HAL_SPI_Init
 .text.HAL_SPI_DeInit
                0x0000000008007718       0x50 ./Drivers/STM32F4xx_HAL_Driver/Src/stm32f4xx_hal_spi.o
                0x0000000008007718                HAL_SPI_DeInit
 .text.HAL_SPI_Transmit
                0x0000000008007768      0x278 ./Drivers/STM32F4xx_HAL_Driver/Src/stm32f4xx_hal_spi.o
                0x0000000008007768                HAL_SPI_Transmit
 .text.HAL_SPI_Receive
                0x00000000080079e0      0x222 ./Drivers/STM32F4xx_HAL_Driver/Src/stm32f4xx_hal_spi.o
                0x00000000080079e0                HAL_SPI_Receive
 .text.HAL_SPI_TransmitReceive
                0x0000000008007c02      0x344 ./Drivers/STM32F4xx_HAL_Driver/Src/stm32f4xx_hal_spi.o
                0x0000000008007c02                HAL_SPI_TransmitReceive
 .text.HAL_SPI_GetState
                0x0000000008007f46       0x1c ./Drivers/STM32F4xx_HAL_Driver/Src/stm32f4xx_hal_spi.o
                0x0000000008007f46                HAL_SPI_GetState
 *fill*         0x0000000008007f62        0x2 
 .text.SPI_WaitFlagStateUntilTimeout
                0x0000000008007f64      0x110 ./Drivers/STM32F4xx_HAL_Driver/Src/stm32f4xx_hal_spi.o
 .text.SPI_EndRxTransaction
                0x0000000008008074       0xca ./Drivers/STM32F4xx_HAL_Driver/Src/stm32f4xx_hal_spi.o
 *fill*         0x000000000800813e        0x2 
 .text.SPI_EndRxTxTransaction
                0x0000000008008140       0x84 ./Drivers/STM32F4xx_HAL_Driver/Src/stm32f4xx_hal_spi.o
 .text.HAL_TIM_Base_Init
                0x00000000080081c4       0x9e ./Drivers/STM32F4xx_HAL_Driver/Src/stm32f4xx_hal_tim.o
                0x00000000080081c4                HAL_TIM_Base_Init
 *fill*         0x0000000008008262        0x2 
 .text.HAL_TIM_Base_Start_IT
                0x0000000008008264       0xe0 ./Drivers/STM32F4xx_HAL_Driver/Src/stm32f4xx_hal_tim.o
                0x0000000008008264                HAL_TIM_Base_Start_IT
 .text.HAL_TIM_PWM_Init
                0x0000000008008344       0x9e ./Drivers/STM32F4xx_HAL_Driver/Src/stm32f4xx_hal_tim.o
                0x0000000008008344                HAL_TIM_PWM_Init
 .text.HAL_TIM_PWM_MspInit
                0x00000000080083e2       0x14 ./Drivers/STM32F4xx_HAL_Driver/Src/stm32f4xx_hal_tim.o
                0x00000000080083e2                HAL_TIM_PWM_MspInit
 *fill*         0x00000000080083f6        0x2 
 .text.HAL_TIM_PWM_Start
                0x00000000080083f8      0x190 ./Drivers/STM32F4xx_HAL_Driver/Src/stm32f4xx_hal_tim.o
                0x00000000080083f8                HAL_TIM_PWM_Start
 .text.HAL_TIM_IRQHandler
                0x0000000008008588      0x210 ./Drivers/STM32F4xx_HAL_Driver/Src/stm32f4xx_hal_tim.o
                0x0000000008008588                HAL_TIM_IRQHandler
 .text.HAL_TIM_PWM_ConfigChannel
                0x0000000008008798      0x184 ./Drivers/STM32F4xx_HAL_Driver/Src/stm32f4xx_hal_tim.o
                0x0000000008008798                HAL_TIM_PWM_ConfigChannel
 .text.HAL_TIM_ConfigClockSource
                0x000000000800891c      0x18e ./Drivers/STM32F4xx_HAL_Driver/Src/stm32f4xx_hal_tim.o
                0x000000000800891c                HAL_TIM_ConfigClockSource
 .text.HAL_TIM_PeriodElapsedCallback
                0x0000000008008aaa       0x14 ./Drivers/STM32F4xx_HAL_Driver/Src/stm32f4xx_hal_tim.o
                0x0000000008008aaa                HAL_TIM_PeriodElapsedCallback
 .text.HAL_TIM_OC_DelayElapsedCallback
                0x0000000008008abe       0x14 ./Drivers/STM32F4xx_HAL_Driver/Src/stm32f4xx_hal_tim.o
                0x0000000008008abe                HAL_TIM_OC_DelayElapsedCallback
 .text.HAL_TIM_IC_CaptureCallback
                0x0000000008008ad2       0x14 ./Drivers/STM32F4xx_HAL_Driver/Src/stm32f4xx_hal_tim.o
                0x0000000008008ad2                HAL_TIM_IC_CaptureCallback
 .text.HAL_TIM_PWM_PulseFinishedCallback
                0x0000000008008ae6       0x14 ./Drivers/STM32F4xx_HAL_Driver/Src/stm32f4xx_hal_tim.o
                0x0000000008008ae6                HAL_TIM_PWM_PulseFinishedCallback
 .text.HAL_TIM_TriggerCallback
                0x0000000008008afa       0x14 ./Drivers/STM32F4xx_HAL_Driver/Src/stm32f4xx_hal_tim.o
                0x0000000008008afa                HAL_TIM_TriggerCallback
 *fill*         0x0000000008008b0e        0x2 
 .text.TIM_Base_SetConfig
                0x0000000008008b10      0x140 ./Drivers/STM32F4xx_HAL_Driver/Src/stm32f4xx_hal_tim.o
                0x0000000008008b10                TIM_Base_SetConfig
 .text.TIM_OC1_SetConfig
                0x0000000008008c50       0xe0 ./Drivers/STM32F4xx_HAL_Driver/Src/stm32f4xx_hal_tim.o
 .text.TIM_OC2_SetConfig
                0x0000000008008d30       0xec ./Drivers/STM32F4xx_HAL_Driver/Src/stm32f4xx_hal_tim.o
                0x0000000008008d30                TIM_OC2_SetConfig
 .text.TIM_OC3_SetConfig
                0x0000000008008e1c       0xe8 ./Drivers/STM32F4xx_HAL_Driver/Src/stm32f4xx_hal_tim.o
 .text.TIM_OC4_SetConfig
                0x0000000008008f04       0xac ./Drivers/STM32F4xx_HAL_Driver/Src/stm32f4xx_hal_tim.o
 .text.TIM_TI1_ConfigInputStage
                0x0000000008008fb0       0x5e ./Drivers/STM32F4xx_HAL_Driver/Src/stm32f4xx_hal_tim.o
 .text.TIM_TI2_ConfigInputStage
                0x000000000800900e       0x60 ./Drivers/STM32F4xx_HAL_Driver/Src/stm32f4xx_hal_tim.o
 .text.TIM_ITRx_SetConfig
                0x000000000800906e       0x36 ./Drivers/STM32F4xx_HAL_Driver/Src/stm32f4xx_hal_tim.o
 .text.TIM_ETR_SetConfig
                0x00000000080090a4       0x40 ./Drivers/STM32F4xx_HAL_Driver/Src/stm32f4xx_hal_tim.o
                0x00000000080090a4                TIM_ETR_SetConfig
 .text.TIM_CCxChannelCmd
                0x00000000080090e4       0x4a ./Drivers/STM32F4xx_HAL_Driver/Src/stm32f4xx_hal_tim.o
                0x00000000080090e4                TIM_CCxChannelCmd
 *fill*         0x000000000800912e        0x2 
 .text.HAL_TIMEx_MasterConfigSynchronization
                0x0000000008009130       0xf8 ./Drivers/STM32F4xx_HAL_Driver/Src/stm32f4xx_hal_tim_ex.o
                0x0000000008009130                HAL_TIMEx_MasterConfigSynchronization
 .text.HAL_TIMEx_CommutCallback
                0x0000000008009228       0x14 ./Drivers/STM32F4xx_HAL_Driver/Src/stm32f4xx_hal_tim_ex.o
                0x0000000008009228                HAL_TIMEx_CommutCallback
 .text.HAL_TIMEx_BreakCallback
                0x000000000800923c       0x14 ./Drivers/STM32F4xx_HAL_Driver/Src/stm32f4xx_hal_tim_ex.o
                0x000000000800923c                HAL_TIMEx_BreakCallback
 .text.FMC_SDRAM_Init
                0x0000000008009250       0xba ./Drivers/STM32F4xx_HAL_Driver/Src/stm32f4xx_ll_fmc.o
                0x0000000008009250                FMC_SDRAM_Init
 .text.FMC_SDRAM_Timing_Init
                0x000000000800930a       0xd2 ./Drivers/STM32F4xx_HAL_Driver/Src/stm32f4xx_ll_fmc.o
                0x000000000800930a                FMC_SDRAM_Timing_Init
 .text.FMC_SDRAM_SendCommand
                0x00000000080093dc       0x7a ./Drivers/STM32F4xx_HAL_Driver/Src/stm32f4xx_ll_fmc.o
                0x00000000080093dc                FMC_SDRAM_SendCommand
 .text.FMC_SDRAM_ProgramRefreshRate
                0x0000000008009456       0x2e ./Drivers/STM32F4xx_HAL_Driver/Src/stm32f4xx_ll_fmc.o
                0x0000000008009456                FMC_SDRAM_ProgramRefreshRate
 .text.__assert_func
                0x0000000008009484       0x3c C:/ST/STM32CubeIDE_1.14.0/STM32CubeIDE/plugins/com.st.stm32cube.ide.mcu.externaltools.gnu-tools-for-stm32.11.3.rel1.win32_1.1.100.202309141235/tools/bin/../lib/gcc/arm-none-eabi/11.3.1/../../../../arm-none-eabi/lib/thumb/v7e-m+fp/hard\libc_nano.a(libc_a-assert.o)
                0x0000000008009484                __assert_func
 .text.srand    0x00000000080094c0       0x5c C:/ST/STM32CubeIDE_1.14.0/STM32CubeIDE/plugins/com.st.stm32cube.ide.mcu.externaltools.gnu-tools-for-stm32.11.3.rel1.win32_1.1.100.202309141235/tools/bin/../lib/gcc/arm-none-eabi/11.3.1/../../../../arm-none-eabi/lib/thumb/v7e-m+fp/hard\libc_nano.a(libc_a-rand.o)
                0x00000000080094c0                srand
 .text.rand     0x000000000800951c       0x7c C:/ST/STM32CubeIDE_1.14.0/STM32CubeIDE/plugins/com.st.stm32cube.ide.mcu.externaltools.gnu-tools-for-stm32.11.3.rel1.win32_1.1.100.202309141235/tools/bin/../lib/gcc/arm-none-eabi/11.3.1/../../../../arm-none-eabi/lib/thumb/v7e-m+fp/hard\libc_nano.a(libc_a-rand.o)
                0x000000000800951c                rand
 .text.std      0x0000000008009598       0x6c C:/ST/STM32CubeIDE_1.14.0/STM32CubeIDE/plugins/com.st.stm32cube.ide.mcu.externaltools.gnu-tools-for-stm32.11.3.rel1.win32_1.1.100.202309141235/tools/bin/../lib/gcc/arm-none-eabi/11.3.1/../../../../arm-none-eabi/lib/thumb/v7e-m+fp/hard\libc_nano.a(libc_a-findfp.o)
 .text.stdio_exit_handler
                0x0000000008009604       0x18 C:/ST/STM32CubeIDE_1.14.0/STM32CubeIDE/plugins/com.st.stm32cube.ide.mcu.externaltools.gnu-tools-for-stm32.11.3.rel1.win32_1.1.100.202309141235/tools/bin/../lib/gcc/arm-none-eabi/11.3.1/../../../../arm-none-eabi/lib/thumb/v7e-m+fp/hard\libc_nano.a(libc_a-findfp.o)
 .text.cleanup_stdio
                0x000000000800961c       0x40 C:/ST/STM32CubeIDE_1.14.0/STM32CubeIDE/plugins/com.st.stm32cube.ide.mcu.externaltools.gnu-tools-for-stm32.11.3.rel1.win32_1.1.100.202309141235/tools/bin/../lib/gcc/arm-none-eabi/11.3.1/../../../../arm-none-eabi/lib/thumb/v7e-m+fp/hard\libc_nano.a(libc_a-findfp.o)
 .text.global_stdio_init.part.0
                0x000000000800965c       0x3c C:/ST/STM32CubeIDE_1.14.0/STM32CubeIDE/plugins/com.st.stm32cube.ide.mcu.externaltools.gnu-tools-for-stm32.11.3.rel1.win32_1.1.100.202309141235/tools/bin/../lib/gcc/arm-none-eabi/11.3.1/../../../../arm-none-eabi/lib/thumb/v7e-m+fp/hard\libc_nano.a(libc_a-findfp.o)
 .text.__sfp_lock_acquire
                0x0000000008009698        0xc C:/ST/STM32CubeIDE_1.14.0/STM32CubeIDE/plugins/com.st.stm32cube.ide.mcu.externaltools.gnu-tools-for-stm32.11.3.rel1.win32_1.1.100.202309141235/tools/bin/../lib/gcc/arm-none-eabi/11.3.1/../../../../arm-none-eabi/lib/thumb/v7e-m+fp/hard\libc_nano.a(libc_a-findfp.o)
                0x0000000008009698                __sfp_lock_acquire
 .text.__sfp_lock_release
                0x00000000080096a4        0xc C:/ST/STM32CubeIDE_1.14.0/STM32CubeIDE/plugins/com.st.stm32cube.ide.mcu.externaltools.gnu-tools-for-stm32.11.3.rel1.win32_1.1.100.202309141235/tools/bin/../lib/gcc/arm-none-eabi/11.3.1/../../../../arm-none-eabi/lib/thumb/v7e-m+fp/hard\libc_nano.a(libc_a-findfp.o)
                0x00000000080096a4                __sfp_lock_release
 .text.__sinit  0x00000000080096b0       0x30 C:/ST/STM32CubeIDE_1.14.0/STM32CubeIDE/plugins/com.st.stm32cube.ide.mcu.externaltools.gnu-tools-for-stm32.11.3.rel1.win32_1.1.100.202309141235/tools/bin/../lib/gcc/arm-none-eabi/11.3.1/../../../../arm-none-eabi/lib/thumb/v7e-m+fp/hard\libc_nano.a(libc_a-findfp.o)
                0x00000000080096b0                __sinit
 .text.fprintf  0x00000000080096e0       0x24 C:/ST/STM32CubeIDE_1.14.0/STM32CubeIDE/plugins/com.st.stm32cube.ide.mcu.externaltools.gnu-tools-for-stm32.11.3.rel1.win32_1.1.100.202309141235/tools/bin/../lib/gcc/arm-none-eabi/11.3.1/../../../../arm-none-eabi/lib/thumb/v7e-m+fp/hard\libc_nano.a(libc_a-fprintf.o)
                0x00000000080096e0                fiprintf
                0x00000000080096e0                fprintf
 .text._fwalk_sglue
                0x0000000008009704       0x3c C:/ST/STM32CubeIDE_1.14.0/STM32CubeIDE/plugins/com.st.stm32cube.ide.mcu.externaltools.gnu-tools-for-stm32.11.3.rel1.win32_1.1.100.202309141235/tools/bin/../lib/gcc/arm-none-eabi/11.3.1/../../../../arm-none-eabi/lib/thumb/v7e-m+fp/hard\libc_nano.a(libc_a-fwalk.o)
                0x0000000008009704                _fwalk_sglue
 .text.__sread  0x0000000008009740       0x22 C:/ST/STM32CubeIDE_1.14.0/STM32CubeIDE/plugins/com.st.stm32cube.ide.mcu.externaltools.gnu-tools-for-stm32.11.3.rel1.win32_1.1.100.202309141235/tools/bin/../lib/gcc/arm-none-eabi/11.3.1/../../../../arm-none-eabi/lib/thumb/v7e-m+fp/hard\libc_nano.a(libc_a-stdio.o)
                0x0000000008009740                __sread
 .text.__swrite
                0x0000000008009762       0x38 C:/ST/STM32CubeIDE_1.14.0/STM32CubeIDE/plugins/com.st.stm32cube.ide.mcu.externaltools.gnu-tools-for-stm32.11.3.rel1.win32_1.1.100.202309141235/tools/bin/../lib/gcc/arm-none-eabi/11.3.1/../../../../arm-none-eabi/lib/thumb/v7e-m+fp/hard\libc_nano.a(libc_a-stdio.o)
                0x0000000008009762                __swrite
 .text.__sseek  0x000000000800979a       0x24 C:/ST/STM32CubeIDE_1.14.0/STM32CubeIDE/plugins/com.st.stm32cube.ide.mcu.externaltools.gnu-tools-for-stm32.11.3.rel1.win32_1.1.100.202309141235/tools/bin/../lib/gcc/arm-none-eabi/11.3.1/../../../../arm-none-eabi/lib/thumb/v7e-m+fp/hard\libc_nano.a(libc_a-stdio.o)
                0x000000000800979a                __sseek
 .text.__sclose
                0x00000000080097be        0x8 C:/ST/STM32CubeIDE_1.14.0/STM32CubeIDE/plugins/com.st.stm32cube.ide.mcu.externaltools.gnu-tools-for-stm32.11.3.rel1.win32_1.1.100.202309141235/tools/bin/../lib/gcc/arm-none-eabi/11.3.1/../../../../arm-none-eabi/lib/thumb/v7e-m+fp/hard\libc_nano.a(libc_a-stdio.o)
                0x00000000080097be                __sclose
 .text.memset   0x00000000080097c6       0x10 C:/ST/STM32CubeIDE_1.14.0/STM32CubeIDE/plugins/com.st.stm32cube.ide.mcu.externaltools.gnu-tools-for-stm32.11.3.rel1.win32_1.1.100.202309141235/tools/bin/../lib/gcc/arm-none-eabi/11.3.1/../../../../arm-none-eabi/lib/thumb/v7e-m+fp/hard\libc_nano.a(libc_a-memset.o)
                0x00000000080097c6                memset
 *fill*         0x00000000080097d6        0x2 
 .text._close_r
                0x00000000080097d8       0x20 C:/ST/STM32CubeIDE_1.14.0/STM32CubeIDE/plugins/com.st.stm32cube.ide.mcu.externaltools.gnu-tools-for-stm32.11.3.rel1.win32_1.1.100.202309141235/tools/bin/../lib/gcc/arm-none-eabi/11.3.1/../../../../arm-none-eabi/lib/thumb/v7e-m+fp/hard\libc_nano.a(libc_a-closer.o)
                0x00000000080097d8                _close_r
 .text._lseek_r
                0x00000000080097f8       0x24 C:/ST/STM32CubeIDE_1.14.0/STM32CubeIDE/plugins/com.st.stm32cube.ide.mcu.externaltools.gnu-tools-for-stm32.11.3.rel1.win32_1.1.100.202309141235/tools/bin/../lib/gcc/arm-none-eabi/11.3.1/../../../../arm-none-eabi/lib/thumb/v7e-m+fp/hard\libc_nano.a(libc_a-lseekr.o)
                0x00000000080097f8                _lseek_r
 .text._read_r  0x000000000800981c       0x24 C:/ST/STM32CubeIDE_1.14.0/STM32CubeIDE/plugins/com.st.stm32cube.ide.mcu.externaltools.gnu-tools-for-stm32.11.3.rel1.win32_1.1.100.202309141235/tools/bin/../lib/gcc/arm-none-eabi/11.3.1/../../../../arm-none-eabi/lib/thumb/v7e-m+fp/hard\libc_nano.a(libc_a-readr.o)
                0x000000000800981c                _read_r
 .text._write_r
                0x0000000008009840       0x24 C:/ST/STM32CubeIDE_1.14.0/STM32CubeIDE/plugins/com.st.stm32cube.ide.mcu.externaltools.gnu-tools-for-stm32.11.3.rel1.win32_1.1.100.202309141235/tools/bin/../lib/gcc/arm-none-eabi/11.3.1/../../../../arm-none-eabi/lib/thumb/v7e-m+fp/hard\libc_nano.a(libc_a-writer.o)
                0x0000000008009840                _write_r
 .text.__errno  0x0000000008009864        0xc C:/ST/STM32CubeIDE_1.14.0/STM32CubeIDE/plugins/com.st.stm32cube.ide.mcu.externaltools.gnu-tools-for-stm32.11.3.rel1.win32_1.1.100.202309141235/tools/bin/../lib/gcc/arm-none-eabi/11.3.1/../../../../arm-none-eabi/lib/thumb/v7e-m+fp/hard\libc_nano.a(libc_a-errno.o)
                0x0000000008009864                __errno
 .text.__libc_init_array
                0x0000000008009870       0x48 C:/ST/STM32CubeIDE_1.14.0/STM32CubeIDE/plugins/com.st.stm32cube.ide.mcu.externaltools.gnu-tools-for-stm32.11.3.rel1.win32_1.1.100.202309141235/tools/bin/../lib/gcc/arm-none-eabi/11.3.1/../../../../arm-none-eabi/lib/thumb/v7e-m+fp/hard\libc_nano.a(libc_a-init.o)
                0x0000000008009870                __libc_init_array
 .text.__retarget_lock_init_recursive
                0x00000000080098b8        0x2 C:/ST/STM32CubeIDE_1.14.0/STM32CubeIDE/plugins/com.st.stm32cube.ide.mcu.externaltools.gnu-tools-for-stm32.11.3.rel1.win32_1.1.100.202309141235/tools/bin/../lib/gcc/arm-none-eabi/11.3.1/../../../../arm-none-eabi/lib/thumb/v7e-m+fp/hard\libc_nano.a(libc_a-lock.o)
                0x00000000080098b8                __retarget_lock_init_recursive
 .text.__retarget_lock_acquire_recursive
                0x00000000080098ba        0x2 C:/ST/STM32CubeIDE_1.14.0/STM32CubeIDE/plugins/com.st.stm32cube.ide.mcu.externaltools.gnu-tools-for-stm32.11.3.rel1.win32_1.1.100.202309141235/tools/bin/../lib/gcc/arm-none-eabi/11.3.1/../../../../arm-none-eabi/lib/thumb/v7e-m+fp/hard\libc_nano.a(libc_a-lock.o)
                0x00000000080098ba                __retarget_lock_acquire_recursive
 .text.__retarget_lock_release_recursive
                0x00000000080098bc        0x2 C:/ST/STM32CubeIDE_1.14.0/STM32CubeIDE/plugins/com.st.stm32cube.ide.mcu.externaltools.gnu-tools-for-stm32.11.3.rel1.win32_1.1.100.202309141235/tools/bin/../lib/gcc/arm-none-eabi/11.3.1/../../../../arm-none-eabi/lib/thumb/v7e-m+fp/hard\libc_nano.a(libc_a-lock.o)
                0x00000000080098bc                __retarget_lock_release_recursive
 .text.memcpy   0x00000000080098be       0x1c C:/ST/STM32CubeIDE_1.14.0/STM32CubeIDE/plugins/com.st.stm32cube.ide.mcu.externaltools.gnu-tools-for-stm32.11.3.rel1.win32_1.1.100.202309141235/tools/bin/../lib/gcc/arm-none-eabi/11.3.1/../../../../arm-none-eabi/lib/thumb/v7e-m+fp/hard\libc_nano.a(libc_a-memcpy-stub.o)
                0x00000000080098be                memcpy
 .text.abort    0x00000000080098da        0xe C:/ST/STM32CubeIDE_1.14.0/STM32CubeIDE/plugins/com.st.stm32cube.ide.mcu.externaltools.gnu-tools-for-stm32.11.3.rel1.win32_1.1.100.202309141235/tools/bin/../lib/gcc/arm-none-eabi/11.3.1/../../../../arm-none-eabi/lib/thumb/v7e-m+fp/hard\libc_nano.a(libc_a-abort.o)
                0x00000000080098da                abort
 .text._free_r  0x00000000080098e8       0x98 C:/ST/STM32CubeIDE_1.14.0/STM32CubeIDE/plugins/com.st.stm32cube.ide.mcu.externaltools.gnu-tools-for-stm32.11.3.rel1.win32_1.1.100.202309141235/tools/bin/../lib/gcc/arm-none-eabi/11.3.1/../../../../arm-none-eabi/lib/thumb/v7e-m+fp/hard\libc_nano.a(libc_a-freer.o)
                0x00000000080098e8                _free_r
 .text.malloc   0x0000000008009980       0x10 C:/ST/STM32CubeIDE_1.14.0/STM32CubeIDE/plugins/com.st.stm32cube.ide.mcu.externaltools.gnu-tools-for-stm32.11.3.rel1.win32_1.1.100.202309141235/tools/bin/../lib/gcc/arm-none-eabi/11.3.1/../../../../arm-none-eabi/lib/thumb/v7e-m+fp/hard\libc_nano.a(libc_a-malloc.o)
                0x0000000008009980                malloc
 .text.sbrk_aligned
                0x0000000008009990       0x40 C:/ST/STM32CubeIDE_1.14.0/STM32CubeIDE/plugins/com.st.stm32cube.ide.mcu.externaltools.gnu-tools-for-stm32.11.3.rel1.win32_1.1.100.202309141235/tools/bin/../lib/gcc/arm-none-eabi/11.3.1/../../../../arm-none-eabi/lib/thumb/v7e-m+fp/hard\libc_nano.a(libc_a-mallocr.o)
 .text._malloc_r
                0x00000000080099d0      0x100 C:/ST/STM32CubeIDE_1.14.0/STM32CubeIDE/plugins/com.st.stm32cube.ide.mcu.externaltools.gnu-tools-for-stm32.11.3.rel1.win32_1.1.100.202309141235/tools/bin/../lib/gcc/arm-none-eabi/11.3.1/../../../../arm-none-eabi/lib/thumb/v7e-m+fp/hard\libc_nano.a(libc_a-mallocr.o)
                0x00000000080099d0                _malloc_r
 .text.__malloc_lock
                0x0000000008009ad0        0xc C:/ST/STM32CubeIDE_1.14.0/STM32CubeIDE/plugins/com.st.stm32cube.ide.mcu.externaltools.gnu-tools-for-stm32.11.3.rel1.win32_1.1.100.202309141235/tools/bin/../lib/gcc/arm-none-eabi/11.3.1/../../../../arm-none-eabi/lib/thumb/v7e-m+fp/hard\libc_nano.a(libc_a-mlock.o)
                0x0000000008009ad0                __malloc_lock
 .text.__malloc_unlock
                0x0000000008009adc        0xc C:/ST/STM32CubeIDE_1.14.0/STM32CubeIDE/plugins/com.st.stm32cube.ide.mcu.externaltools.gnu-tools-for-stm32.11.3.rel1.win32_1.1.100.202309141235/tools/bin/../lib/gcc/arm-none-eabi/11.3.1/../../../../arm-none-eabi/lib/thumb/v7e-m+fp/hard\libc_nano.a(libc_a-mlock.o)
                0x0000000008009adc                __malloc_unlock
 .text.__sfputc_r
                0x0000000008009ae8       0x2e C:/ST/STM32CubeIDE_1.14.0/STM32CubeIDE/plugins/com.st.stm32cube.ide.mcu.externaltools.gnu-tools-for-stm32.11.3.rel1.win32_1.1.100.202309141235/tools/bin/../lib/gcc/arm-none-eabi/11.3.1/../../../../arm-none-eabi/lib/thumb/v7e-m+fp/hard\libc_nano.a(libc_a-nano-vfprintf.o)
 .text.__sfputs_r
                0x0000000008009b16       0x24 C:/ST/STM32CubeIDE_1.14.0/STM32CubeIDE/plugins/com.st.stm32cube.ide.mcu.externaltools.gnu-tools-for-stm32.11.3.rel1.win32_1.1.100.202309141235/tools/bin/../lib/gcc/arm-none-eabi/11.3.1/../../../../arm-none-eabi/lib/thumb/v7e-m+fp/hard\libc_nano.a(libc_a-nano-vfprintf.o)
                0x0000000008009b16                __sfputs_r
 *fill*         0x0000000008009b3a        0x2 
 .text._vfprintf_r
                0x0000000008009b3c      0x234 C:/ST/STM32CubeIDE_1.14.0/STM32CubeIDE/plugins/com.st.stm32cube.ide.mcu.externaltools.gnu-tools-for-stm32.11.3.rel1.win32_1.1.100.202309141235/tools/bin/../lib/gcc/arm-none-eabi/11.3.1/../../../../arm-none-eabi/lib/thumb/v7e-m+fp/hard\libc_nano.a(libc_a-nano-vfprintf.o)
                0x0000000008009b3c                _vfprintf_r
                0x0000000008009b3c                _vfiprintf_r
 .text._printf_common
                0x0000000008009d70       0xda C:/ST/STM32CubeIDE_1.14.0/STM32CubeIDE/plugins/com.st.stm32cube.ide.mcu.externaltools.gnu-tools-for-stm32.11.3.rel1.win32_1.1.100.202309141235/tools/bin/../lib/gcc/arm-none-eabi/11.3.1/../../../../arm-none-eabi/lib/thumb/v7e-m+fp/hard\libc_nano.a(libc_a-nano-vfprintf_i.o)
                0x0000000008009d70                _printf_common
 *fill*         0x0000000008009e4a        0x2 
 .text._printf_i
                0x0000000008009e4c      0x244 C:/ST/STM32CubeIDE_1.14.0/STM32CubeIDE/plugins/com.st.stm32cube.ide.mcu.externaltools.gnu-tools-for-stm32.11.3.rel1.win32_1.1.100.202309141235/tools/bin/../lib/gcc/arm-none-eabi/11.3.1/../../../../arm-none-eabi/lib/thumb/v7e-m+fp/hard\libc_nano.a(libc_a-nano-vfprintf_i.o)
                0x0000000008009e4c                _printf_i
 .text.__sflush_r
                0x000000000800a090      0x10c C:/ST/STM32CubeIDE_1.14.0/STM32CubeIDE/plugins/com.st.stm32cube.ide.mcu.externaltools.gnu-tools-for-stm32.11.3.rel1.win32_1.1.100.202309141235/tools/bin/../lib/gcc/arm-none-eabi/11.3.1/../../../../arm-none-eabi/lib/thumb/v7e-m+fp/hard\libc_nano.a(libc_a-fflush.o)
                0x000000000800a090                __sflush_r
 .text._fflush_r
                0x000000000800a19c       0x50 C:/ST/STM32CubeIDE_1.14.0/STM32CubeIDE/plugins/com.st.stm32cube.ide.mcu.externaltools.gnu-tools-for-stm32.11.3.rel1.win32_1.1.100.202309141235/tools/bin/../lib/gcc/arm-none-eabi/11.3.1/../../../../arm-none-eabi/lib/thumb/v7e-m+fp/hard\libc_nano.a(libc_a-fflush.o)
                0x000000000800a19c                _fflush_r
 .text.__swbuf_r
                0x000000000800a1ec       0x7a C:/ST/STM32CubeIDE_1.14.0/STM32CubeIDE/plugins/com.st.stm32cube.ide.mcu.externaltools.gnu-tools-for-stm32.11.3.rel1.win32_1.1.100.202309141235/tools/bin/../lib/gcc/arm-none-eabi/11.3.1/../../../../arm-none-eabi/lib/thumb/v7e-m+fp/hard\libc_nano.a(libc_a-wbuf.o)
                0x000000000800a1ec                __swbuf_r
 *fill*         0x000000000800a266        0x2 
 .text.__swsetup_r
                0x000000000800a268       0xb0 C:/ST/STM32CubeIDE_1.14.0/STM32CubeIDE/plugins/com.st.stm32cube.ide.mcu.externaltools.gnu-tools-for-stm32.11.3.rel1.win32_1.1.100.202309141235/tools/bin/../lib/gcc/arm-none-eabi/11.3.1/../../../../arm-none-eabi/lib/thumb/v7e-m+fp/hard\libc_nano.a(libc_a-wsetup.o)
                0x000000000800a268                __swsetup_r
 .text._raise_r
                0x000000000800a318       0x50 C:/ST/STM32CubeIDE_1.14.0/STM32CubeIDE/plugins/com.st.stm32cube.ide.mcu.externaltools.gnu-tools-for-stm32.11.3.rel1.win32_1.1.100.202309141235/tools/bin/../lib/gcc/arm-none-eabi/11.3.1/../../../../arm-none-eabi/lib/thumb/v7e-m+fp/hard\libc_nano.a(libc_a-signal.o)
                0x000000000800a318                _raise_r
 .text.raise    0x000000000800a368       0x10 C:/ST/STM32CubeIDE_1.14.0/STM32CubeIDE/plugins/com.st.stm32cube.ide.mcu.externaltools.gnu-tools-for-stm32.11.3.rel1.win32_1.1.100.202309141235/tools/bin/../lib/gcc/arm-none-eabi/11.3.1/../../../../arm-none-eabi/lib/thumb/v7e-m+fp/hard\libc_nano.a(libc_a-signal.o)
                0x000000000800a368                raise
 .text._kill_r  0x000000000800a378       0x24 C:/ST/STM32CubeIDE_1.14.0/STM32CubeIDE/plugins/com.st.stm32cube.ide.mcu.externaltools.gnu-tools-for-stm32.11.3.rel1.win32_1.1.100.202309141235/tools/bin/../lib/gcc/arm-none-eabi/11.3.1/../../../../arm-none-eabi/lib/thumb/v7e-m+fp/hard\libc_nano.a(libc_a-signalr.o)
                0x000000000800a378                _kill_r
 .text._getpid_r
                0x000000000800a39c        0x4 C:/ST/STM32CubeIDE_1.14.0/STM32CubeIDE/plugins/com.st.stm32cube.ide.mcu.externaltools.gnu-tools-for-stm32.11.3.rel1.win32_1.1.100.202309141235/tools/bin/../lib/gcc/arm-none-eabi/11.3.1/../../../../arm-none-eabi/lib/thumb/v7e-m+fp/hard\libc_nano.a(libc_a-signalr.o)
                0x000000000800a39c                _getpid_r
 .text._sbrk_r  0x000000000800a3a0       0x20 C:/ST/STM32CubeIDE_1.14.0/STM32CubeIDE/plugins/com.st.stm32cube.ide.mcu.externaltools.gnu-tools-for-stm32.11.3.rel1.win32_1.1.100.202309141235/tools/bin/../lib/gcc/arm-none-eabi/11.3.1/../../../../arm-none-eabi/lib/thumb/v7e-m+fp/hard\libc_nano.a(libc_a-sbrkr.o)
                0x000000000800a3a0                _sbrk_r
 .text.__swhatbuf_r
                0x000000000800a3c0       0x4c C:/ST/STM32CubeIDE_1.14.0/STM32CubeIDE/plugins/com.st.stm32cube.ide.mcu.externaltools.gnu-tools-for-stm32.11.3.rel1.win32_1.1.100.202309141235/tools/bin/../lib/gcc/arm-none-eabi/11.3.1/../../../../arm-none-eabi/lib/thumb/v7e-m+fp/hard\libc_nano.a(libc_a-makebuf.o)
                0x000000000800a3c0                __swhatbuf_r
 .text.__smakebuf_r
                0x000000000800a40c       0x78 C:/ST/STM32CubeIDE_1.14.0/STM32CubeIDE/plugins/com.st.stm32cube.ide.mcu.externaltools.gnu-tools-for-stm32.11.3.rel1.win32_1.1.100.202309141235/tools/bin/../lib/gcc/arm-none-eabi/11.3.1/../../../../arm-none-eabi/lib/thumb/v7e-m+fp/hard\libc_nano.a(libc_a-makebuf.o)
                0x000000000800a40c                __smakebuf_r
 .text._fstat_r
                0x000000000800a484       0x24 C:/ST/STM32CubeIDE_1.14.0/STM32CubeIDE/plugins/com.st.stm32cube.ide.mcu.externaltools.gnu-tools-for-stm32.11.3.rel1.win32_1.1.100.202309141235/tools/bin/../lib/gcc/arm-none-eabi/11.3.1/../../../../arm-none-eabi/lib/thumb/v7e-m+fp/hard\libc_nano.a(libc_a-fstatr.o)
                0x000000000800a484                _fstat_r
 .text._isatty_r
                0x000000000800a4a8       0x20 C:/ST/STM32CubeIDE_1.14.0/STM32CubeIDE/plugins/com.st.stm32cube.ide.mcu.externaltools.gnu-tools-for-stm32.11.3.rel1.win32_1.1.100.202309141235/tools/bin/../lib/gcc/arm-none-eabi/11.3.1/../../../../arm-none-eabi/lib/thumb/v7e-m+fp/hard\libc_nano.a(libc_a-isattyr.o)
                0x000000000800a4a8                _isatty_r
 *(.glue_7)
 .glue_7        0x000000000800a4c8        0x0 linker stubs
 *(.glue_7t)
 .glue_7t       0x000000000800a4c8        0x0 linker stubs
 *(.eh_frame)
 .eh_frame      0x000000000800a4c8        0x0 C:/ST/STM32CubeIDE_1.14.0/STM32CubeIDE/plugins/com.st.stm32cube.ide.mcu.externaltools.gnu-tools-for-stm32.11.3.rel1.win32_1.1.100.202309141235/tools/bin/../lib/gcc/arm-none-eabi/11.3.1/thumb/v7e-m+fp/hard/crtbegin.o
 *(.init)
 .init          0x000000000800a4c8        0x4 C:/ST/STM32CubeIDE_1.14.0/STM32CubeIDE/plugins/com.st.stm32cube.ide.mcu.externaltools.gnu-tools-for-stm32.11.3.rel1.win32_1.1.100.202309141235/tools/bin/../lib/gcc/arm-none-eabi/11.3.1/thumb/v7e-m+fp/hard/crti.o
                0x000000000800a4c8                _init
 .init          0x000000000800a4cc        0x8 C:/ST/STM32CubeIDE_1.14.0/STM32CubeIDE/plugins/com.st.stm32cube.ide.mcu.externaltools.gnu-tools-for-stm32.11.3.rel1.win32_1.1.100.202309141235/tools/bin/../lib/gcc/arm-none-eabi/11.3.1/thumb/v7e-m+fp/hard/crtn.o
 *(.fini)
 .fini          0x000000000800a4d4        0x4 C:/ST/STM32CubeIDE_1.14.0/STM32CubeIDE/plugins/com.st.stm32cube.ide.mcu.externaltools.gnu-tools-for-stm32.11.3.rel1.win32_1.1.100.202309141235/tools/bin/../lib/gcc/arm-none-eabi/11.3.1/thumb/v7e-m+fp/hard/crti.o
                0x000000000800a4d4                _fini
 .fini          0x000000000800a4d8        0x8 C:/ST/STM32CubeIDE_1.14.0/STM32CubeIDE/plugins/com.st.stm32cube.ide.mcu.externaltools.gnu-tools-for-stm32.11.3.rel1.win32_1.1.100.202309141235/tools/bin/../lib/gcc/arm-none-eabi/11.3.1/thumb/v7e-m+fp/hard/crtn.o
                0x000000000800a4e0                . = ALIGN (0x4)
                0x000000000800a4e0                _etext = .

.vfp11_veneer   0x000000000800a4e0        0x0
 .vfp11_veneer  0x000000000800a4e0        0x0 linker stubs

.v4_bx          0x000000000800a4e0        0x0
 .v4_bx         0x000000000800a4e0        0x0 linker stubs

.iplt           0x000000000800a4e0        0x0
 .iplt          0x000000000800a4e0        0x0 C:/ST/STM32CubeIDE_1.14.0/STM32CubeIDE/plugins/com.st.stm32cube.ide.mcu.externaltools.gnu-tools-for-stm32.11.3.rel1.win32_1.1.100.202309141235/tools/bin/../lib/gcc/arm-none-eabi/11.3.1/thumb/v7e-m+fp/hard/crtbegin.o

.rodata         0x000000000800a4e0     0x2824
                0x000000000800a4e0                . = ALIGN (0x4)
 *(.rodata)
 .rodata        0x000000000800a4e0       0x5d ./Core/Src/main.o
 *(.rodata*)
 *fill*         0x000000000800a53d        0x3 
 .rodata.__func__.1
                0x000000000800a540       0x12 ./Core/Src/main.o
 *fill*         0x000000000800a552        0x2 
 .rodata.__func__.0
                0x000000000800a554       0x18 ./Core/Src/main.o
 .rodata.AHBPrescTable
                0x000000000800a56c       0x10 ./Core/Src/system_stm32f4xx.o
                0x000000000800a56c                AHBPrescTable
 .rodata.APBPrescTable
                0x000000000800a57c        0x8 ./Core/Src/system_stm32f4xx.o
                0x000000000800a57c                APBPrescTable
 .rodata.Font24_Table
                0x000000000800a584     0x1ab8 ./Drivers/BSP/STM32F429I-Discovery/stm32f429i_discovery_lcd.o
                0x000000000800a584                Font24_Table
 .rodata.Font16_Table
                0x000000000800c03c      0xbe0 ./Drivers/BSP/STM32F429I-Discovery/stm32f429i_discovery_lcd.o
                0x000000000800c03c                Font16_Table
 .rodata.flagBitshiftOffset.0
                0x000000000800cc1c        0x8 ./Drivers/STM32F4xx_HAL_Driver/Src/stm32f4xx_hal_dma.o
 .rodata.__assert_func.str1.1
                0x000000000800cc24       0x3c C:/ST/STM32CubeIDE_1.14.0/STM32CubeIDE/plugins/com.st.stm32cube.ide.mcu.externaltools.gnu-tools-for-stm32.11.3.rel1.win32_1.1.100.202309141235/tools/bin/../lib/gcc/arm-none-eabi/11.3.1/../../../../arm-none-eabi/lib/thumb/v7e-m+fp/hard\libc_nano.a(libc_a-assert.o)
                                         0x3d (size before relaxing)
 .rodata.srand.str1.1
                0x000000000800cc60       0x6f C:/ST/STM32CubeIDE_1.14.0/STM32CubeIDE/plugins/com.st.stm32cube.ide.mcu.externaltools.gnu-tools-for-stm32.11.3.rel1.win32_1.1.100.202309141235/tools/bin/../lib/gcc/arm-none-eabi/11.3.1/../../../../arm-none-eabi/lib/thumb/v7e-m+fp/hard\libc_nano.a(libc_a-rand.o)
 .rodata._vfprintf_r.str1.1
                0x000000000800cccf       0x11 C:/ST/STM32CubeIDE_1.14.0/STM32CubeIDE/plugins/com.st.stm32cube.ide.mcu.externaltools.gnu-tools-for-stm32.11.3.rel1.win32_1.1.100.202309141235/tools/bin/../lib/gcc/arm-none-eabi/11.3.1/../../../../arm-none-eabi/lib/thumb/v7e-m+fp/hard\libc_nano.a(libc_a-nano-vfprintf.o)
 .rodata._printf_i.str1.1
                0x000000000800cce0       0x22 C:/ST/STM32CubeIDE_1.14.0/STM32CubeIDE/plugins/com.st.stm32cube.ide.mcu.externaltools.gnu-tools-for-stm32.11.3.rel1.win32_1.1.100.202309141235/tools/bin/../lib/gcc/arm-none-eabi/11.3.1/../../../../arm-none-eabi/lib/thumb/v7e-m+fp/hard\libc_nano.a(libc_a-nano-vfprintf_i.o)
                0x000000000800cd04                . = ALIGN (0x4)
 *fill*         0x000000000800cd02        0x2 

.ARM.extab      0x000000000800cd04        0x0
                0x000000000800cd04                . = ALIGN (0x4)
 *(.ARM.extab* .gnu.linkonce.armextab.*)
                0x000000000800cd04                . = ALIGN (0x4)

.ARM            0x000000000800cd04        0x8
                0x000000000800cd04                . = ALIGN (0x4)
                0x000000000800cd04                __exidx_start = .
 *(.ARM.exidx*)
 .ARM.exidx     0x000000000800cd04        0x8 C:/ST/STM32CubeIDE_1.14.0/STM32CubeIDE/plugins/com.st.stm32cube.ide.mcu.externaltools.gnu-tools-for-stm32.11.3.rel1.win32_1.1.100.202309141235/tools/bin/../lib/gcc/arm-none-eabi/11.3.1/thumb/v7e-m+fp/hard\libgcc.a(_udivmoddi4.o)
                0x000000000800cd0c                __exidx_end = .
                0x000000000800cd0c                . = ALIGN (0x4)

.rel.dyn        0x000000000800cd0c        0x0
 .rel.iplt      0x000000000800cd0c        0x0 C:/ST/STM32CubeIDE_1.14.0/STM32CubeIDE/plugins/com.st.stm32cube.ide.mcu.externaltools.gnu-tools-for-stm32.11.3.rel1.win32_1.1.100.202309141235/tools/bin/../lib/gcc/arm-none-eabi/11.3.1/thumb/v7e-m+fp/hard/crtbegin.o

.preinit_array  0x000000000800cd0c        0x0
                0x000000000800cd0c                . = ALIGN (0x4)
                0x000000000800cd0c                PROVIDE (__preinit_array_start = .)
 *(.preinit_array*)
                0x000000000800cd0c                PROVIDE (__preinit_array_end = .)
                0x000000000800cd0c                . = ALIGN (0x4)

.init_array     0x000000000800cd0c        0x4
                0x000000000800cd0c                . = ALIGN (0x4)
                0x000000000800cd0c                PROVIDE (__init_array_start = .)
 *(SORT_BY_NAME(.init_array.*))
 *(.init_array*)
 .init_array    0x000000000800cd0c        0x4 C:/ST/STM32CubeIDE_1.14.0/STM32CubeIDE/plugins/com.st.stm32cube.ide.mcu.externaltools.gnu-tools-for-stm32.11.3.rel1.win32_1.1.100.202309141235/tools/bin/../lib/gcc/arm-none-eabi/11.3.1/thumb/v7e-m+fp/hard/crtbegin.o
                0x000000000800cd10                PROVIDE (__init_array_end = .)
                0x000000000800cd10                . = ALIGN (0x4)

.fini_array     0x000000000800cd10        0x4
                0x000000000800cd10                . = ALIGN (0x4)
                [!provide]                        PROVIDE (__fini_array_start = .)
 *(SORT_BY_NAME(.fini_array.*))
 *(.fini_array*)
 .fini_array    0x000000000800cd10        0x4 C:/ST/STM32CubeIDE_1.14.0/STM32CubeIDE/plugins/com.st.stm32cube.ide.mcu.externaltools.gnu-tools-for-stm32.11.3.rel1.win32_1.1.100.202309141235/tools/bin/../lib/gcc/arm-none-eabi/11.3.1/thumb/v7e-m+fp/hard/crtbegin.o
                [!provide]                        PROVIDE (__fini_array_end = .)
                0x000000000800cd14                . = ALIGN (0x4)
                0x000000000800cd14                _sidata = LOADADDR (.data)

.data           0x0000000020000000      0x578 load address 0x000000000800cd14
                0x0000000020000000                . = ALIGN (0x4)
                0x0000000020000000                _sdata = .
 *(.data)
 *(.data*)
 .data.napis_fps
                0x0000000020000000       0x18 ./Core/Src/main.o
 .data.napis_pkt
                0x0000000020000018       0x18 ./Core/Src/main.o
 .data.napis_osx
                0x0000000020000030       0x18 ./Core/Src/main.o
 .data.napis_osy
                0x0000000020000048       0x18 ./Core/Src/main.o
 .data.napisy_game_over
                0x0000000020000060       0x90 ./Core/Src/main.o
 .data.paleta   0x00000000200000f0       0x40 ./Core/Src/main.o
 .data.kolory_oczek
                0x0000000020000130        0x8 ./Core/Src/main.o
 .data.maski_klockow
                0x0000000020000138       0x70 ./Core/Src/main.o
 .data.dlugosci_bokow_masek
                0x00000000200001a8       0x1c ./Core/Src/main.o
 .data.cooldown_na_przesuniecie
                0x00000000200001c4        0x4 ./Core/Src/main.o
 .data.muzyka_wlaczona
                0x00000000200001c8        0x1 ./Core/Src/main.o
                0x00000000200001c8                muzyka_wlaczona
 *fill*         0x00000000200001c9        0x3 
 .data.takty_melodii
                0x00000000200001cc      0x2f0 ./Core/Src/stm32f4xx_it.o
 .data.pozostale_klatki
                0x00000000200004bc        0x4 ./Core/Src/stm32f4xx_it.o
 .data.SystemCoreClock
                0x00000000200004c0        0x4 ./Core/Src/system_stm32f4xx.o
                0x00000000200004c0                SystemCoreClock
 .data.ili9341_drv
                0x00000000200004c4       0x38 ./Drivers/BSP/Components/ili9341/ili9341.o
                0x00000000200004c4                ili9341_drv
 .data.SpixTimeout
                0x00000000200004fc        0x4 ./Drivers/BSP/STM32F429I-Discovery/stm32f429i_discovery.o
                0x00000000200004fc                SpixTimeout
 .data.Font24   0x0000000020000500        0x8 ./Drivers/BSP/STM32F429I-Discovery/stm32f429i_discovery_lcd.o
                0x0000000020000500                Font24
 .data.Font16   0x0000000020000508        0x8 ./Drivers/BSP/STM32F429I-Discovery/stm32f429i_discovery_lcd.o
                0x0000000020000508                Font16
 .data.sdramstatus.2
                0x0000000020000510        0x1 ./Drivers/BSP/STM32F429I-Discovery/stm32f429i_discovery_sdram.o
 *fill*         0x0000000020000511        0x3 
 .data.uwTickPrio
                0x0000000020000514        0x4 ./Drivers/STM32F4xx_HAL_Driver/Src/stm32f4xx_hal.o
                0x0000000020000514                uwTickPrio
 .data.uwTickFreq
                0x0000000020000518        0x1 ./Drivers/STM32F4xx_HAL_Driver/Src/stm32f4xx_hal.o
                0x0000000020000518                uwTickFreq
 *fill*         0x0000000020000519        0x3 
 .data.__sglue  0x000000002000051c        0xc C:/ST/STM32CubeIDE_1.14.0/STM32CubeIDE/plugins/com.st.stm32cube.ide.mcu.externaltools.gnu-tools-for-stm32.11.3.rel1.win32_1.1.100.202309141235/tools/bin/../lib/gcc/arm-none-eabi/11.3.1/../../../../arm-none-eabi/lib/thumb/v7e-m+fp/hard\libc_nano.a(libc_a-findfp.o)
                0x000000002000051c                __sglue
 .data._impure_data
                0x0000000020000528       0x4c C:/ST/STM32CubeIDE_1.14.0/STM32CubeIDE/plugins/com.st.stm32cube.ide.mcu.externaltools.gnu-tools-for-stm32.11.3.rel1.win32_1.1.100.202309141235/tools/bin/../lib/gcc/arm-none-eabi/11.3.1/../../../../arm-none-eabi/lib/thumb/v7e-m+fp/hard\libc_nano.a(libc_a-impure.o)
                0x0000000020000528                _impure_data
 .data._impure_ptr
                0x0000000020000574        0x4 C:/ST/STM32CubeIDE_1.14.0/STM32CubeIDE/plugins/com.st.stm32cube.ide.mcu.externaltools.gnu-tools-for-stm32.11.3.rel1.win32_1.1.100.202309141235/tools/bin/../lib/gcc/arm-none-eabi/11.3.1/../../../../arm-none-eabi/lib/thumb/v7e-m+fp/hard\libc_nano.a(libc_a-impure.o)
                0x0000000020000574                _impure_ptr
 *(.RamFunc)
 *(.RamFunc*)
                0x0000000020000578                . = ALIGN (0x4)
                0x0000000020000578                _edata = .
                0x000000000800d28c                _siccmram = LOADADDR (.ccmram)

.igot.plt       0x0000000020000578        0x0 load address 0x000000000800d28c
 .igot.plt      0x0000000020000578        0x0 C:/ST/STM32CubeIDE_1.14.0/STM32CubeIDE/plugins/com.st.stm32cube.ide.mcu.externaltools.gnu-tools-for-stm32.11.3.rel1.win32_1.1.100.202309141235/tools/bin/../lib/gcc/arm-none-eabi/11.3.1/thumb/v7e-m+fp/hard/crtbegin.o

.ccmram         0x0000000010000000        0x0 load address 0x000000000800d28c
                0x0000000010000000                . = ALIGN (0x4)
                0x0000000010000000                _sccmram = .
 *(.ccmram)
 *(.ccmram*)
                0x0000000010000000                . = ALIGN (0x4)
                0x0000000010000000                _eccmram = .
                0x0000000010000000                . = ALIGN (0x4)

.bss            0x0000000020000578      0x7e0
                0x0000000020000578                _sbss = .
                0x0000000020000578                __bss_start__ = _sbss
 *(.bss)
 .bss           0x0000000020000578       0x1c C:/ST/STM32CubeIDE_1.14.0/STM32CubeIDE/plugins/com.st.stm32cube.ide.mcu.externaltools.gnu-tools-for-stm32.11.3.rel1.win32_1.1.100.202309141235/tools/bin/../lib/gcc/arm-none-eabi/11.3.1/thumb/v7e-m+fp/hard/crtbegin.o
 *(.bss*)
 .bss.hadc1     0x0000000020000594       0x48 ./Core/Src/main.o
                0x0000000020000594                hadc1
 .bss.hadc2     0x00000000200005dc       0x48 ./Core/Src/main.o
                0x00000000200005dc                hadc2
 .bss.hdma2d    0x0000000020000624       0x40 ./Core/Src/main.o
                0x0000000020000624                hdma2d
 .bss.hi2c3     0x0000000020000664       0x54 ./Core/Src/main.o
                0x0000000020000664                hi2c3
 .bss.hltdc     0x00000000200006b8       0xa8 ./Core/Src/main.o
                0x00000000200006b8                hltdc
 .bss.hrng      0x0000000020000760       0x10 ./Core/Src/main.o
                0x0000000020000760                hrng
 .bss.hrtc      0x0000000020000770       0x20 ./Core/Src/main.o
                0x0000000020000770                hrtc
 .bss.hspi5     0x0000000020000790       0x58 ./Core/Src/main.o
                0x0000000020000790                hspi5
 .bss.htim3     0x00000000200007e8       0x48 ./Core/Src/main.o
                0x00000000200007e8                htim3
 .bss.hsdram1   0x0000000020000830       0x34 ./Core/Src/main.o
                0x0000000020000830                hsdram1
 .bss.plansza   0x0000000020000864       0xc8 ./Core/Src/main.o
 .bss.klocek_buf
                0x000000002000092c       0x58 ./Core/Src/main.o
 .bss.klocek_buf_i
                0x0000000020000984        0x4 ./Core/Src/main.o
 .bss.czas_przesuniecia
                0x0000000020000988        0x4 ./Core/Src/main.o
 .bss.cooldown_na_obrot_w_prawo
                0x000000002000098c        0x4 ./Core/Src/main.o
 .bss.cooldown_na_obrot_w_lewo
                0x0000000020000990        0x4 ./Core/Src/main.o
 .bss.cooldown_na_ruch_w_prawo
                0x0000000020000994        0x4 ./Core/Src/main.o
 .bss.cooldown_na_ruch_w_lewo
                0x0000000020000998        0x4 ./Core/Src/main.o
 .bss.ruch_w_prawo
                0x000000002000099c        0x1 ./Core/Src/main.o
 .bss.ruch_w_lewo
                0x000000002000099d        0x1 ./Core/Src/main.o
 .bss.ruch_w_dol
                0x000000002000099e        0x1 ./Core/Src/main.o
 .bss.obrot_w_prawo
                0x000000002000099f        0x1 ./Core/Src/main.o
 .bss.obrot_w_lewo
                0x00000000200009a0        0x1 ./Core/Src/main.o
 .bss.gra_jest_przegrana
                0x00000000200009a1        0x1 ./Core/Src/main.o
 *fill*         0x00000000200009a2        0x2 
 .bss.licznik_punktow
                0x00000000200009a4        0x4 ./Core/Src/main.o
 .bss.FMC_Initialized
                0x00000000200009a8        0x4 ./Core/Src/stm32f4xx_hal_msp.o
 .bss.biezacy_takt
                0x00000000200009ac        0x4 ./Core/Src/stm32f4xx_it.o
 .bss.__sbrk_heap_end
                0x00000000200009b0        0x4 ./Core/Src/sysmem.o
 .bss.SpiHandle
                0x00000000200009b4       0x58 ./Drivers/BSP/STM32F429I-Discovery/stm32f429i_discovery.o
 .bss.Is_LCD_IO_Initialized
                0x0000000020000a0c        0x1 ./Drivers/BSP/STM32F429I-Discovery/stm32f429i_discovery.o
 *fill*         0x0000000020000a0d        0x3 
 .bss.LtdcHandler
                0x0000000020000a10       0xa8 ./Drivers/BSP/STM32F429I-Discovery/stm32f429i_discovery_lcd.o
                0x0000000020000a10                LtdcHandler
 .bss.Dma2dHandler
                0x0000000020000ab8       0x40 ./Drivers/BSP/STM32F429I-Discovery/stm32f429i_discovery_lcd.o
 .bss.PeriphClkInitStruct
                0x0000000020000af8       0x30 ./Drivers/BSP/STM32F429I-Discovery/stm32f429i_discovery_lcd.o
 .bss.ActiveLayer
                0x0000000020000b28        0x4 ./Drivers/BSP/STM32F429I-Discovery/stm32f429i_discovery_lcd.o
 .bss.DrawProp  0x0000000020000b2c       0x18 ./Drivers/BSP/STM32F429I-Discovery/stm32f429i_discovery_lcd.o
 .bss.LcdDrv    0x0000000020000b44        0x4 ./Drivers/BSP/STM32F429I-Discovery/stm32f429i_discovery_lcd.o
                0x0000000020000b44                LcdDrv
 .bss.SdramHandle
                0x0000000020000b48       0x34 ./Drivers/BSP/STM32F429I-Discovery/stm32f429i_discovery_sdram.o
 .bss.Timing    0x0000000020000b7c       0x1c ./Drivers/BSP/STM32F429I-Discovery/stm32f429i_discovery_sdram.o
 .bss.Command   0x0000000020000b98       0x10 ./Drivers/BSP/STM32F429I-Discovery/stm32f429i_discovery_sdram.o
 .bss.dmaHandle.1
                0x0000000020000ba8       0x60 ./Drivers/BSP/STM32F429I-Discovery/stm32f429i_discovery_sdram.o
 .bss.uwTick    0x0000000020000c08        0x4 ./Drivers/STM32F4xx_HAL_Driver/Src/stm32f4xx_hal.o
                0x0000000020000c08                uwTick
 .bss.__sf      0x0000000020000c0c      0x138 C:/ST/STM32CubeIDE_1.14.0/STM32CubeIDE/plugins/com.st.stm32cube.ide.mcu.externaltools.gnu-tools-for-stm32.11.3.rel1.win32_1.1.100.202309141235/tools/bin/../lib/gcc/arm-none-eabi/11.3.1/../../../../arm-none-eabi/lib/thumb/v7e-m+fp/hard\libc_nano.a(libc_a-findfp.o)
                0x0000000020000c0c                __sf
 .bss.__stdio_exit_handler
                0x0000000020000d44        0x4 C:/ST/STM32CubeIDE_1.14.0/STM32CubeIDE/plugins/com.st.stm32cube.ide.mcu.externaltools.gnu-tools-for-stm32.11.3.rel1.win32_1.1.100.202309141235/tools/bin/../lib/gcc/arm-none-eabi/11.3.1/../../../../arm-none-eabi/lib/thumb/v7e-m+fp/hard\libc_nano.a(libc_a-findfp.o)
                0x0000000020000d44                __stdio_exit_handler
 .bss.errno     0x0000000020000d48        0x4 C:/ST/STM32CubeIDE_1.14.0/STM32CubeIDE/plugins/com.st.stm32cube.ide.mcu.externaltools.gnu-tools-for-stm32.11.3.rel1.win32_1.1.100.202309141235/tools/bin/../lib/gcc/arm-none-eabi/11.3.1/../../../../arm-none-eabi/lib/thumb/v7e-m+fp/hard\libc_nano.a(libc_a-reent.o)
                0x0000000020000d48                errno
 .bss.__lock___malloc_recursive_mutex
                0x0000000020000d4c        0x1 C:/ST/STM32CubeIDE_1.14.0/STM32CubeIDE/plugins/com.st.stm32cube.ide.mcu.externaltools.gnu-tools-for-stm32.11.3.rel1.win32_1.1.100.202309141235/tools/bin/../lib/gcc/arm-none-eabi/11.3.1/../../../../arm-none-eabi/lib/thumb/v7e-m+fp/hard\libc_nano.a(libc_a-lock.o)
                0x0000000020000d4c                __lock___malloc_recursive_mutex
 .bss.__lock___sfp_recursive_mutex
                0x0000000020000d4d        0x1 C:/ST/STM32CubeIDE_1.14.0/STM32CubeIDE/plugins/com.st.stm32cube.ide.mcu.externaltools.gnu-tools-for-stm32.11.3.rel1.win32_1.1.100.202309141235/tools/bin/../lib/gcc/arm-none-eabi/11.3.1/../../../../arm-none-eabi/lib/thumb/v7e-m+fp/hard\libc_nano.a(libc_a-lock.o)
                0x0000000020000d4d                __lock___sfp_recursive_mutex
 *fill*         0x0000000020000d4e        0x2 
 .bss.__malloc_free_list
                0x0000000020000d50        0x4 C:/ST/STM32CubeIDE_1.14.0/STM32CubeIDE/plugins/com.st.stm32cube.ide.mcu.externaltools.gnu-tools-for-stm32.11.3.rel1.win32_1.1.100.202309141235/tools/bin/../lib/gcc/arm-none-eabi/11.3.1/../../../../arm-none-eabi/lib/thumb/v7e-m+fp/hard\libc_nano.a(libc_a-mallocr.o)
                0x0000000020000d50                __malloc_free_list
 .bss.__malloc_sbrk_start
                0x0000000020000d54        0x4 C:/ST/STM32CubeIDE_1.14.0/STM32CubeIDE/plugins/com.st.stm32cube.ide.mcu.externaltools.gnu-tools-for-stm32.11.3.rel1.win32_1.1.100.202309141235/tools/bin/../lib/gcc/arm-none-eabi/11.3.1/../../../../arm-none-eabi/lib/thumb/v7e-m+fp/hard\libc_nano.a(libc_a-mallocr.o)
                0x0000000020000d54                __malloc_sbrk_start
 *(COMMON)
                0x0000000020000d58                . = ALIGN (0x4)
                0x0000000020000d58                _ebss = .
                0x0000000020000d58                __bss_end__ = _ebss

._user_heap_stack
                0x0000000020000d58      0x600
                0x0000000020000d58                . = ALIGN (0x8)