../Core/Src/main.c:285:13:rysujLiniePionowa	24	static
../Core/Src/main.c:290:13:wypelnijProstokat	24	static
../Core/Src/main.c:313:13:liczbaNaTekst	32	static
../Core/Src/main.c:321:6:rysujLicznikFPS	16	static
../Core/Src/main.c:329:13:rysujLicznikPunktow	8	static
../Core/Src/main.c:336:6:rysujPozycjeGalek	16	static
../Core/Src/main.c:345:6:rysujNapisyGameOver	16	static
../Core/Src/main.c:353:13:rysujOczko	32	static
../Core/Src/main.c:359:13:czyscOczko	24	static
../Core/Src/main.c:364:13:rysujKlocek	32	static
../Core/Src/main.c:383:13:czyscKlocek	32	static
../Core/Src/main.c:401:13:rysujPlansze	32	static
../Core/Src/main.c:417:13:losujNowyRuchomyKlocek	24	static
../Core/Src/main.c:433:12:czyRuchomyKlocekKoliduje	16	static
../Core/Src/main.c:447:13:obrocKlocekWPrawo	24	static
../Core/Src/main.c:460:13:obrocKlocekWLewo	32	static
../Core/Src/main.c:473:13:odwrocObrot	16	static
../Core/Src/main.c:481:13:aktualizujPlansze	40	static
../Core/Src/main.c:510:13:aktualizujRuchomyKlocek	56	static
../Core/Src/main.c:608:13:inicjujRNG	16	static
../Core/Src/main.c:614:12:losujLiczbeNieujemna	8	static
../Core/Src/main.c:618:12:liczbaMilisekundOdStartuProgramu	8	static
../Core/Src/main.c:622:13:czekaj	16	static
../Core/Src/main.c:632:5:main	120	static
../Core/Src/main.c:810:6:SystemClock_Config	88	static
../Core/Src/main.c:864:13:MX_ADC1_Init	24	static
../Core/Src/main.c:916:13:MX_ADC2_Init	24	static
../Core/Src/main.c:968:13:MX_DMA2D_Init	8	static
../Core/Src/main.c:1005:13:MX_I2C3_Init	8	static
../Core/Src/main.c:1053:13:MX_LTDC_Init	112	static
../Core/Src/main.c:1135:13:MX_RNG_Init	8	static
../Core/Src/main.c:1161:13:MX_RTC_Init	8	static
../Core/Src/main.c:1196:13:MX_SPI5_Init	8	static
../Core/Src/main.c:1234:13:MX_TIM3_Init	64	static
../Core/Src/main.c:1289:13:MX_FMC_Init	40	static
../Core/Src/main.c:1340:13:MX_GPIO_Init	64	static
../Core/Src/main.c:1396:6:Error_Handler	4	static,ignoring_inline_asm
