../Core/Src/stm32f4xx_it.c:453:6:NMI_Handler	4	static
../Core/Src/stm32f4xx_it.c:468:6:HardFault_Handler	4	static
../Core/Src/stm32f4xx_it.c:483:6:MemManage_Handler	4	static
../Core/Src/stm32f4xx_it.c:498:6:BusFault_Handler	4	static
../Core/Src/stm32f4xx_it.c:513:6:UsageFault_Handler	4	static
../Core/Src/stm32f4xx_it.c:528:6:SVC_Handler	4	static
../Core/Src/stm32f4xx_it.c:541:6:DebugMon_Handler	4	static
../Core/Src/stm32f4xx_it.c:554:6:PendSV_Handler	4	static
../Core/Src/stm32f4xx_it.c:567:6:SysTick_Handler	8	static
../Core/Src/stm32f4xx_it.c:588:6:TIM3_IRQHandler	16	static
