../Core/Src/stm32f4xx_hal_msp.c:66:6:HAL_MspInit	16	static
../Core/Src/stm32f4xx_hal_msp.c:88:6:HAL_ADC_MspInit	56	static
../Core/Src/stm32f4xx_hal_msp.c:142:6:HAL_ADC_MspDeInit	16	static
../Core/Src/stm32f4xx_hal_msp.c:187:6:HAL_DMA2D_MspInit	24	static
../Core/Src/stm32f4xx_hal_msp.c:209:6:HAL_DMA2D_MspDeInit	16	static
../Core/Src/stm32f4xx_hal_msp.c:231:6:HAL_I2C_MspInit	48	static
../Core/Src/stm32f4xx_hal_msp.c:275:6:HAL_I2C_MspDeInit	16	static
../Core/Src/stm32f4xx_hal_msp.c:306:6:HAL_LTDC_MspInit	112	static
../Core/Src/stm32f4xx_hal_msp.c:430:6:HAL_LTDC_MspDeInit	16	static
../Core/Src/stm32f4xx_hal_msp.c:492:6:HAL_RNG_MspInit	24	static
../Core/Src/stm32f4xx_hal_msp.c:514:6:HAL_RNG_MspDeInit	16	static
../Core/Src/stm32f4xx_hal_msp.c:536:6:HAL_RTC_MspInit	64	static
../Core/Src/stm32f4xx_hal_msp.c:569:6:HAL_RTC_MspDeInit	16	static
../Core/Src/stm32f4xx_hal_msp.c:591:6:HAL_SPI_MspInit	48	static
../Core/Src/stm32f4xx_hal_msp.c:628:6:HAL_SPI_MspDeInit	16	static
../Core/Src/stm32f4xx_hal_msp.c:658:6:HAL_TIM_Base_MspInit	24	static
../Core/Src/stm32f4xx_hal_msp.c:677:6:HAL_TIM_MspPostInit	40	static
../Core/Src/stm32f4xx_hal_msp.c:709:6:HAL_TIM_Base_MspDeInit	16	static
../Core/Src/stm32f4xx_hal_msp.c:730:13:HAL_FMC_MspInit	32	static
../Core/Src/stm32f4xx_hal_msp.c:834:6:HAL_SDRAM_MspInit	16	static
../Core/Src/stm32f4xx_hal_msp.c:846:13:HAL_FMC_MspDeInit	8	static
../Core/Src/stm32f4xx_hal_msp.c:918:6:HAL_SDRAM_MspDeInit	16	static
